Archive member included because of file (symbol)

c:/program files (x86)/gnu tools arm embedded/4.9 2014q4/bin/../lib/gcc/arm-none-eabi/4.9.3/../../../../arm-none-eabi/lib/armv7e-m\libm.a(lib_a-s_atan.o)
                              ..\obj\main.o (atan)
c:/program files (x86)/gnu tools arm embedded/4.9 2014q4/bin/../lib/gcc/arm-none-eabi/4.9.3/../../../../arm-none-eabi/lib/armv7e-m\libm.a(lib_a-s_cos.o)
                              ..\obj\utilplus.o (cos)
c:/program files (x86)/gnu tools arm embedded/4.9 2014q4/bin/../lib/gcc/arm-none-eabi/4.9.3/../../../../arm-none-eabi/lib/armv7e-m\libm.a(lib_a-s_fabs.o)
                              c:/program files (x86)/gnu tools arm embedded/4.9 2014q4/bin/../lib/gcc/arm-none-eabi/4.9.3/../../../../arm-none-eabi/lib/armv7e-m\libm.a(lib_a-s_atan.o) (fabs)
c:/program files (x86)/gnu tools arm embedded/4.9 2014q4/bin/../lib/gcc/arm-none-eabi/4.9.3/../../../../arm-none-eabi/lib/armv7e-m\libm.a(lib_a-s_sin.o)
                              ..\obj\utilplus.o (sin)
c:/program files (x86)/gnu tools arm embedded/4.9 2014q4/bin/../lib/gcc/arm-none-eabi/4.9.3/../../../../arm-none-eabi/lib/armv7e-m\libm.a(lib_a-s_tan.o)
                              ..\obj\main.o (tan)
c:/program files (x86)/gnu tools arm embedded/4.9 2014q4/bin/../lib/gcc/arm-none-eabi/4.9.3/../../../../arm-none-eabi/lib/armv7e-m\libm.a(lib_a-sf_cos.o)
                              ..\obj\utilplus.o (cosf)
c:/program files (x86)/gnu tools arm embedded/4.9 2014q4/bin/../lib/gcc/arm-none-eabi/4.9.3/../../../../arm-none-eabi/lib/armv7e-m\libm.a(lib_a-sf_sin.o)
                              ..\obj\utilplus.o (sinf)
c:/program files (x86)/gnu tools arm embedded/4.9 2014q4/bin/../lib/gcc/arm-none-eabi/4.9.3/../../../../arm-none-eabi/lib/armv7e-m\libm.a(lib_a-w_pow.o)
                              ..\obj\main.o (pow)
c:/program files (x86)/gnu tools arm embedded/4.9 2014q4/bin/../lib/gcc/arm-none-eabi/4.9.3/../../../../arm-none-eabi/lib/armv7e-m\libm.a(lib_a-w_sqrt.o)
                              ..\obj\main.o (sqrt)
c:/program files (x86)/gnu tools arm embedded/4.9 2014q4/bin/../lib/gcc/arm-none-eabi/4.9.3/../../../../arm-none-eabi/lib/armv7e-m\libm.a(lib_a-wf_acos.o)
                              ..\obj\utilplus.o (acosf)
c:/program files (x86)/gnu tools arm embedded/4.9 2014q4/bin/../lib/gcc/arm-none-eabi/4.9.3/../../../../arm-none-eabi/lib/armv7e-m\libm.a(lib_a-wf_atan2.o)
                              ..\obj\utilplus.o (atan2f)
c:/program files (x86)/gnu tools arm embedded/4.9 2014q4/bin/../lib/gcc/arm-none-eabi/4.9.3/../../../../arm-none-eabi/lib/armv7e-m\libm.a(lib_a-wf_pow.o)
                              ..\obj\utilplus.o (powf)
c:/program files (x86)/gnu tools arm embedded/4.9 2014q4/bin/../lib/gcc/arm-none-eabi/4.9.3/../../../../arm-none-eabi/lib/armv7e-m\libm.a(lib_a-wf_sqrt.o)
                              ..\obj\utilplus.o (sqrtf)
c:/program files (x86)/gnu tools arm embedded/4.9 2014q4/bin/../lib/gcc/arm-none-eabi/4.9.3/../../../../arm-none-eabi/lib/armv7e-m\libm.a(lib_a-e_pow.o)
                              c:/program files (x86)/gnu tools arm embedded/4.9 2014q4/bin/../lib/gcc/arm-none-eabi/4.9.3/../../../../arm-none-eabi/lib/armv7e-m\libm.a(lib_a-w_pow.o) (__ieee754_pow)
c:/program files (x86)/gnu tools arm embedded/4.9 2014q4/bin/../lib/gcc/arm-none-eabi/4.9.3/../../../../arm-none-eabi/lib/armv7e-m\libm.a(lib_a-e_rem_pio2.o)
                              c:/program files (x86)/gnu tools arm embedded/4.9 2014q4/bin/../lib/gcc/arm-none-eabi/4.9.3/../../../../arm-none-eabi/lib/armv7e-m\libm.a(lib_a-s_cos.o) (__ieee754_rem_pio2)
c:/program files (x86)/gnu tools arm embedded/4.9 2014q4/bin/../lib/gcc/arm-none-eabi/4.9.3/../../../../arm-none-eabi/lib/armv7e-m\libm.a(lib_a-e_sqrt.o)
                              c:/program files (x86)/gnu tools arm embedded/4.9 2014q4/bin/../lib/gcc/arm-none-eabi/4.9.3/../../../../arm-none-eabi/lib/armv7e-m\libm.a(lib_a-w_sqrt.o) (__ieee754_sqrt)
c:/program files (x86)/gnu tools arm embedded/4.9 2014q4/bin/../lib/gcc/arm-none-eabi/4.9.3/../../../../arm-none-eabi/lib/armv7e-m\libm.a(lib_a-ef_acos.o)
                              c:/program files (x86)/gnu tools arm embedded/4.9 2014q4/bin/../lib/gcc/arm-none-eabi/4.9.3/../../../../arm-none-eabi/lib/armv7e-m\libm.a(lib_a-wf_acos.o) (__ieee754_acosf)
c:/program files (x86)/gnu tools arm embedded/4.9 2014q4/bin/../lib/gcc/arm-none-eabi/4.9.3/../../../../arm-none-eabi/lib/armv7e-m\libm.a(lib_a-ef_atan2.o)
                              c:/program files (x86)/gnu tools arm embedded/4.9 2014q4/bin/../lib/gcc/arm-none-eabi/4.9.3/../../../../arm-none-eabi/lib/armv7e-m\libm.a(lib_a-wf_atan2.o) (__ieee754_atan2f)
c:/program files (x86)/gnu tools arm embedded/4.9 2014q4/bin/../lib/gcc/arm-none-eabi/4.9.3/../../../../arm-none-eabi/lib/armv7e-m\libm.a(lib_a-ef_pow.o)
[...]
Memory Configuration

Name             Origin             Length             Attributes
rom              0x08000000         0x00100000         xr
ram              0x20000000         0x00020000         xrw
ram1             0x10000000         0x00010000         xrw
*default*        0x00000000         0xffffffff

Linker script and memory map

LOAD c:/program files (x86)/gnu tools arm embedded/4.9 2014q4/bin/../lib/gcc/arm-none-eabi/4.9.3/armv7e-m/crti.o
LOAD c:/program files (x86)/gnu tools arm embedded/4.9 2014q4/bin/../lib/gcc/arm-none-eabi/4.9.3/armv7e-m/crtbegin.o
LOAD c:/program files (x86)/gnu tools arm embedded/4.9 2014q4/bin/../lib/gcc/arm-none-eabi/4.9.3/../../../../arm-none-eabi/lib/armv7e-m/crt0.o
                0x20020000                _eram = 0x20020000

.text           0x08000000    0x230e8
 *(.isr_vector)
 .isr_vector    0x08000000      0x188 ..\obj\startup_stm32f4xx.o
                0x08000000                g_pfnVectors
 *(.text*)
 .text          0x08000188       0x5c c:/program files (x86)/gnu tools arm embedded/4.9 2014q4/bin/../lib/gcc/arm-none-eabi/4.9.3/armv7e-m/crtbegin.o
 .text.Set_duty
                0x080001e4       0xc4 ..\obj\config_pwm.o
                0x080001e4                Set_duty
 .text.Read_duty
                0x080002a8       0x68 ..\obj\config_pwm.o
                0x080002a8                Read_duty
 .text.Init_PWM
                0x08000310      0x2b4 ..\obj\config_pwm.o
                0x08000310                Init_PWM
 .text.USB_OTG_WritePacket
                0x080005c4       0x78 ..\obj\usb_core.o
                0x080005c4                USB_OTG_WritePacket
 .text.USB_OTG_ReadPacket
                0x0800063c       0x58 ..\obj\usb_core.o
                0x0800063c                USB_OTG_ReadPacket
 .text.USB_OTG_FlushTxFifo
                0x08000694       0x7c ..\obj\usb_core.o
                0x08000694                USB_OTG_FlushTxFifo
 .text.USB_OTG_GetMode
                0x08000710       0x20 ..\obj\usb_core.o
                0x08000710                USB_OTG_GetMode
 .text.USB_OTG_IsDeviceMode
                0x08000730       0x24 ..\obj\usb_core.o
                0x08000730                USB_OTG_IsDeviceMode
 .text.USB_OTG_ReadCoreItr
                0x08000754       0x30 ..\obj\usb_core.o
                0x08000754                USB_OTG_ReadCoreItr
 .text.USB_OTG_GetDeviceSpeed
                0x08000784       0x48 ..\obj\usb_core.o
                0x08000784                USB_OTG_GetDeviceSpeed
 .text.USB_OTG_EP0Activate
                0x080007cc       0x78 ..\obj\usb_core.o
                0x080007cc                USB_OTG_EP0Activate
 .text.USB_OTG_EPActivate
                0x08000844       0xdc ..\obj\usb_core.o
                0x08000844                USB_OTG_EPActivate
 .text.USB_OTG_EPStartXfer
                0x08000920      0x280 ..\obj\usb_core.o
                0x08000920                USB_OTG_EPStartXfer
 .text.USB_OTG_EP0StartXfer
                0x08000ba0      0x1d4 ..\obj\usb_core.o
                0x08000ba0                USB_OTG_EP0StartXfer
 .text.USB_OTG_EPSetStall
                0x08000d74       0x88 ..\obj\usb_core.o
                0x08000d74                USB_OTG_EPSetStall
 .text.USB_OTG_EPClearStall
                0x08000dfc       0x78 ..\obj\usb_core.o
                0x08000dfc                USB_OTG_EPClearStall
 .text.USB_OTG_ReadDevAllOutEp_itr
                0x08000e74       0x2c ..\obj\usb_core.o
                0x08000e74                USB_OTG_ReadDevAllOutEp_itr
 .text.USB_OTG_ReadDevOutEP_itr
                0x08000ea0       0x38 ..\obj\usb_core.o
                0x08000ea0                USB_OTG_ReadDevOutEP_itr
 .text.USB_OTG_ReadDevAllInEPItr
                0x08000ed8       0x2c ..\obj\usb_core.o
                0x08000ed8                USB_OTG_ReadDevAllInEPItr
 .text.USB_OTG_EP0_OutStart
                0x08000f04       0x70 ..\obj\usb_core.o
                0x08000f04                USB_OTG_EP0_OutStart
 .text.USB_OTG_UngateClock
                0x08000f74       0x54 ..\obj\usb_core.o
                0x08000f74                USB_OTG_UngateClock
 .text.Init_port
                0x08000fc8       0xc4 ..\obj\config_port.o
                0x08000fc8                Init_port
 .text.SDIO_ITConfig
                0x0800108c       0x3c ..\obj\stm32f4xx_sdio.o
                0x0800108c                SDIO_ITConfig
 .text.SDIO_GetITStatus
                0x080010c8       0x34 ..\obj\stm32f4xx_sdio.o
                0x080010c8                SDIO_GetITStatus
 .text.SDIO_ClearITPendingBit
                0x080010fc       0x1c ..\obj\stm32f4xx_sdio.o
                0x080010fc                SDIO_ClearITPendingBit
 .text.TIM1_UP_TIM10_IRQHandler
                0x08001118       0x48 ..\obj\config_encoder.o
                0x08001118                TIM1_UP_TIM10_IRQHandler
 .text.TIM2_IRQHandler
                0x08001160       0x4c ..\obj\config_encoder.o
                0x08001160                TIM2_IRQHandler
 .text.TIM3_IRQHandler
                0x080011ac       0x48 ..\obj\config_encoder.o
                0x080011ac                TIM3_IRQHandler
 .text.TIM4_IRQHandler
                0x080011f4       0x48 ..\obj\config_encoder.o
                0x080011f4                TIM4_IRQHandler
 .text.TIM5_IRQHandler
                0x0800123c       0x48 ..\obj\config_encoder.o
                0x0800123c                TIM5_IRQHandler
 .text.TIM8_UP_TIM13_IRQHandler
                0x08001284       0x48 ..\obj\config_encoder.o
                0x08001284                TIM8_UP_TIM13_IRQHandler
 .text.TIM8_BRK_TIM12_IRQHandler
                0x080012cc       0x48 ..\obj\config_encoder.o
                0x080012cc                TIM8_BRK_TIM12_IRQHandler
 .text.tim1_count
                0x08001314       0x20 ..\obj\config_encoder.o
                0x08001314                tim1_count
 .text.tim2_count
                0x08001334       0x20 ..\obj\config_encoder.o
                0x08001334                tim2_count
 .text.tim3_count
                0x08001354       0x20 ..\obj\config_encoder.o
                0x08001354                tim3_count
 .text.tim4_count
                0x08001374       0x20 ..\obj\config_encoder.o
                0x08001374                tim4_count
 .text.tim5_count
                0x08001394       0x20 ..\obj\config_encoder.o
                0x08001394                tim5_count
 .text.tim8_count
                0x080013b4       0x20 ..\obj\config_encoder.o
                0x080013b4                tim8_count
 .text.tim12_count
                0x080013d4       0x20 ..\obj\config_encoder.o
                0x080013d4                tim12_count
 .text.Init_encoder
                0x080013f4      0x118 ..\obj\config_encoder.o
                0x080013f4                Init_encoder
 .text.Select_encoder_count
                0x0800150c       0x9c ..\obj\config_encoder.o
                0x0800150c                Select_encoder_count
 .text.Reset_encoder_over_under_flow
                0x080015a8       0xa0 ..\obj\config_encoder.o
                0x080015a8                Reset_encoder_over_under_flow
 .text.OTG_FS_IRQHandler
                0x08001648       0x10 ..\obj\config_usb.o
                0x08001648                OTG_FS_IRQHandler
 .text.OTG_FS_WKUP_IRQHandler
                0x08001658       0x34 ..\obj\config_usb.o
                0x08001658                OTG_FS_WKUP_IRQHandler
 .text.USART_Init
                0x0800168c      0x178 ..\obj\stm32f4xx_usart.o
                0x0800168c                USART_Init
 .text.USART_Cmd
                0x08001804       0x40 ..\obj\stm32f4xx_usart.o
                0x08001804                USART_Cmd
 .text.USART_SendData
                0x08001844       0x24 ..\obj\stm32f4xx_usart.o
                0x08001844                USART_SendData
 .text.USART_ReceiveData
                0x08001868       0x20 ..\obj\stm32f4xx_usart.o
                0x08001868                USART_ReceiveData
 .text.USART_ITConfig
                0x08001888       0x90 ..\obj\stm32f4xx_usart.o
                0x08001888                USART_ITConfig
 .text.USART_GetFlagStatus
                0x08001918       0x38 ..\obj\stm32f4xx_usart.o
                0x08001918                USART_GetFlagStatus
 .text.SysTick_Handler
                0x08001950       0x24 ..\obj\mcutime.o
                0x08001950                SysTick_Handler
 .text.millis   0x08001974       0x28 ..\obj\mcutime.o
                0x08001974                millis
 .text.micros   0x0800199c       0x30 ..\obj\mcutime.o
                0x0800199c                micros
 .text.timer_setup
                0x080019cc       0x10 ..\obj\mcutime.o
                0x080019cc                timer_setup
 .text.Default_Reset_Handler
                0x080019dc       0x5c ..\obj\startup_stm32f4xx.o
                0x080019dc                Default_Reset_Handler
                0x080019dc                Reset_Handler
 .text.Default_Handler
                0x08001a38        0x8 ..\obj\startup_stm32f4xx.o
                0x08001a38                RTC_Alarm_IRQHandler
                0x08001a38                HASH_RNG_IRQHandler
                0x08001a38                EXTI2_IRQHandler
                0x08001a38                TIM8_CC_IRQHandler
                0x08001a38                TIM1_CC_IRQHandler
                0x08001a38                DMA2_Stream5_IRQHandler
                0x08001a38                DMA1_Stream5_IRQHandler
                0x08001a38                PVD_IRQHandler
                0x08001a38                TAMP_STAMP_IRQHandler
                0x08001a38                CAN2_RX1_IRQHandler
                0x08001a38                EXTI3_IRQHandler
                0x08001a38                TIM8_TRG_COM_TIM14_IRQHandler
                0x08001a38                I2C3_ER_IRQHandler
                0x08001a38                EXTI0_IRQHandler
                0x08001a38                I2C2_EV_IRQHandler
                0x08001a38                DMA1_Stream2_IRQHandler
                0x08001a38                CAN1_RX0_IRQHandler
                0x08001a38                FPU_IRQHandler
                0x08001a38                OTG_HS_WKUP_IRQHandler
                0x08001a38                CAN2_SCE_IRQHandler
                0x08001a38                DMA2_Stream2_IRQHandler
                0x08001a38                SPI1_IRQHandler
                0x08001a38                TIM6_DAC_IRQHandler
                0x08001a38                TIM1_BRK_TIM9_IRQHandler
                0x08001a38                DCMI_IRQHandler
                0x08001a38                CAN2_RX0_IRQHandler
                0x08001a38                USART6_IRQHandler
                0x08001a38                USART3_IRQHandler
                0x08001a38                CRYP_IRQHandler
                0x08001a38                CAN1_RX1_IRQHandler
                0x08001a38                UART5_IRQHandler
                0x08001a38                DMA2_Stream0_IRQHandler
                0x08001a38                I2C1_EV_IRQHandler
                0x08001a38                DMA1_Stream6_IRQHandler
                0x08001a38                DMA1_Stream1_IRQHandler
                0x08001a38                UART4_IRQHandler
                0x08001a38                RCC_IRQHandler
                0x08001a38                EXTI15_10_IRQHandler
                0x08001a38                ADC_IRQHandler
                0x08001a38                DMA1_Stream7_IRQHandler
                0x08001a38                TIM7_IRQHandler
                0x08001a38                CAN2_TX_IRQHandler
                0x08001a38                DMA2_Stream7_IRQHandler
                0x08001a38                I2C3_EV_IRQHandler
                0x08001a38                EXTI9_5_IRQHandler
                0x08001a38                RTC_WKUP_IRQHandler
                0x08001a38                ETH_WKUP_IRQHandler
                0x08001a38                SPI2_IRQHandler
                0x08001a38                OTG_HS_EP1_IN_IRQHandler
                0x08001a38                DMA1_Stream0_IRQHandler
                0x08001a38                CAN1_TX_IRQHandler
                0x08001a38                EXTI4_IRQHandler
                0x08001a38                FSMC_IRQHandler
                0x08001a38                ETH_IRQHandler
                0x08001a38                OTG_HS_EP1_OUT_IRQHandler
                0x08001a38                WWDG_IRQHandler
                0x08001a38                TIM1_TRG_COM_TIM11_IRQHandler
                0x08001a38                OTG_HS_IRQHandler
                0x08001a38                EXTI1_IRQHandler
                0x08001a38                I2C2_ER_IRQHandler
                0x08001a38                DMA2_Stream1_IRQHandler
                0x08001a38                CAN1_SCE_IRQHandler
                0x08001a38                FLASH_IRQHandler
                0x08001a38                DMA2_Stream4_IRQHandler
                0x08001a38                USART1_IRQHandler
                0x08001a38                SPI3_IRQHandler
                0x08001a38                DMA1_Stream4_IRQHandler
                0x08001a38                I2C1_ER_IRQHandler
                0x08001a38                DMA2_Stream6_IRQHandler
                0x08001a38                DMA1_Stream3_IRQHandler
 .text.USBD_SetupStage
                0x08001a40       0x6c ..\obj\usbd_core.o
 .text.USBD_DataOutStage
                0x08001aac       0xcc ..\obj\usbd_core.o
 .text.USBD_DataInStage
                0x08001b78      0x104 ..\obj\usbd_core.o
 .text.USBD_Reset
                0x08001c7c       0x44 ..\obj\usbd_core.o
 .text.USBD_Resume
                0x08001cc0       0x24 ..\obj\usbd_core.o
 .text.USBD_Suspend
                0x08001ce4       0x24 ..\obj\usbd_core.o
 .text.USBD_SOF
                0x08001d08       0x2c ..\obj\usbd_core.o
 .text.USBD_SetCfg
                0x08001d34       0x30 ..\obj\usbd_core.o
                0x08001d34                USBD_SetCfg
 .text.USBD_ClrCfg
                0x08001d64       0x28 ..\obj\usbd_core.o
                0x08001d64                USBD_ClrCfg
 .text.USBD_IsoINIncomplete
                0x08001d8c       0x20 ..\obj\usbd_core.o
 .text.USBD_IsoOUTIncomplete
                0x08001dac       0x20 ..\obj\usbd_core.o
 .text._ZN15SerialInterface16serialReadStringEPc
                0x08001dcc       0x14 ..\obj\pin.o
                0x08001dcc                SerialInterface::serialReadString(char*)
 .text._ZN15SerialInterfaceC2Ev
                0x08001de0       0x28 ..\obj\pin.o
                0x08001de0                SerialInterface::SerialInterface()
                0x08001de0                SerialInterface::SerialInterface()
 .text._ZN6Serial8ReceiverC2EPS_
                0x08001e08       0x38 ..\obj\pin.o
                0x08001e08                Serial::Receiver::Receiver(Serial*)
                0x08001e08                Serial::Receiver::Receiver(Serial*)
 .text._ZN6Serial8Receiver14serialReadCharEc
                0x08001e40       0x60 ..\obj\pin.o
                0x08001e40                Serial::Receiver::serialReadChar(char)
 .text._ZN6Serial8Receiver13charAvailableEv
                0x08001ea0       0x28 ..\obj\pin.o
                0x08001ea0                Serial::Receiver::charAvailable()
 .text._ZN6Serial8Receiver15stringAvailableEv
                0x08001ec8       0x1c ..\obj\pin.o
                0x08001ec8                Serial::Receiver::stringAvailable()
 .text._ZN6Serial8Receiver8readCharEv
                0x08001ee4       0x1c ..\obj\pin.o
                0x08001ee4                Serial::Receiver::readChar()
 .text._ZN6Serial8Receiver10readStringEPc
                0x08001f00       0xe8 ..\obj\pin.o
                0x08001f00                Serial::Receiver::readString(char*)
 .text._ZN6Serial15stringAvailableEv
                0x08001fe8       0x28 ..\obj\pin.o
                0x08001fe8                Serial::stringAvailable()
 .text._ZN6Serial10readStringEPc
                0x08002010       0x34 ..\obj\pin.o
                0x08002010                Serial::readString(char*)
 .text._ZN6Serial13charAvailableEv
                0x08002044       0x28 ..\obj\pin.o
                0x08002044                Serial::charAvailable()
 .text._ZN6Serial8readCharEv
                0x0800206c       0x28 ..\obj\pin.o
                0x0800206c                Serial::readChar()
 .text._ZN6Serial11stringWriteEPc
                0x08002094       0x40 ..\obj\pin.o
                0x08002094                Serial::stringWrite(char*)
 .text._ZN6Serial5setupEiR15SerialInterfaceii
                0x080020d4       0x34 ..\obj\pin.o
                0x080020d4                Serial::setup(int, SerialInterface&, int, int)
 .text._ZN6Serial5setupEiii
                0x08002108       0x4c ..\obj\pin.o
                0x08002108                Serial::setup(int, int, int)
 .text._ZN7Digital14setupDigitalInEv
                0x08002154       0x34 ..\obj\pin.o
                0x08002154                Digital::setupDigitalIn()
 .text._ZN7Digital15setupDigitalOutEv
                0x08002188       0x34 ..\obj\pin.o
                0x08002188                Digital::setupDigitalOut()
 .text._ZN7Digital20setupDigitalInPullUpEv
                0x080021bc       0x34 ..\obj\pin.o
                0x080021bc                Digital::setupDigitalInPullUp()
 .text._ZN7Digital22setupDigitalInPullDownEv
                0x080021f0       0x34 ..\obj\pin.o
                0x080021f0                Digital::setupDigitalInPullDown()
 .text._ZN7Digital12digitalWriteEi
                0x08002224       0x68 ..\obj\pin.o
                0x08002224                Digital::digitalWrite(int)
 .text._ZN7Digital11digitalReadEv
                0x0800228c       0x40 ..\obj\pin.o
                0x0800228c                Digital::digitalRead()
 .text._ZN7Digital11digitalHighEv
                0x080022cc       0x1c ..\obj\pin.o
                0x080022cc                Digital::digitalHigh()
 .text._ZN7Digital10digitalLowEv
                0x080022e8       0x1c ..\obj\pin.o
                0x080022e8                Digital::digitalLow()
 .text._ZN7Digital13digitalToggleEv
                0x08002304       0x34 ..\obj\pin.o
                0x08002304                Digital::digitalToggle()
 .text._ZN6Analog13setupAnalogInEv
                0x08002338       0x1c ..\obj\pin.o
                0x08002338                Analog::setupAnalogIn()
 .text._ZN6Analog10analogReadEv
                0x08002354       0x20 ..\obj\pin.o
                0x08002354                Analog::analogRead()
 .text._ZN3Pwm11setupPwmOutEff
                0x08002374       0x24 ..\obj\pin.o
                0x08002374                Pwm::setupPwmOut(float, float)
 .text._ZN3Pwm8pwmWriteEf
                0x08002398       0x20 ..\obj\pin.o
                0x08002398                Pwm::pwmWrite(float)
 .text._ZN3Pwm8pwmWriteEv
                0x080023b8       0x20 ..\obj\pin.o
                0x080023b8                Pwm::pwmWrite()
 .text._ZN2A016analogResolutionEv
                0x080023d8       0x20 ..\obj\pin.o
                0x080023d8                A0::analogResolution()
                0x080023f0                non-virtual thunk to A0::analogResolution()
 .text._ZN2A013analogVoltageEv
                0x080023f8       0x24 ..\obj\pin.o
                0x080023f8                A0::analogVoltage()
                0x08002414                non-virtual thunk to A0::analogVoltage()
 .text._ZN2A116analogResolutionEv
                0x0800241c       0x20 ..\obj\pin.o
                0x0800241c                A1::analogResolution()
                0x08002434                non-virtual thunk to A1::analogResolution()
 .text._ZN2A113analogVoltageEv
                0x0800243c       0x24 ..\obj\pin.o
                0x0800243c                A1::analogVoltage()
                0x08002458                non-virtual thunk to A1::analogVoltage()
 .text._ZN2A216analogResolutionEv
                0x08002460       0x20 ..\obj\pin.o
                0x08002460                A2::analogResolution()
                0x08002478                non-virtual thunk to A2::analogResolution()
 .text._ZN2A213analogVoltageEv
                0x08002480       0x24 ..\obj\pin.o
                0x08002480                A2::analogVoltage()
                0x0800249c                non-virtual thunk to A2::analogVoltage()
 .text._ZN2A316analogResolutionEv
                0x080024a4       0x20 ..\obj\pin.o
                0x080024a4                A3::analogResolution()
                0x080024bc                non-virtual thunk to A3::analogResolution()
 .text._ZN2A313analogVoltageEv
                0x080024c4       0x24 ..\obj\pin.o
                0x080024c4                A3::analogVoltage()
                0x080024e0                non-virtual thunk to A3::analogVoltage()
 .text._ZN2A416analogResolutionEv
                0x080024e8       0x20 ..\obj\pin.o
                0x080024e8                A4::analogResolution()
                0x08002500                non-virtual thunk to A4::analogResolution()
 .text._ZN2A413analogVoltageEv
                0x08002508       0x24 ..\obj\pin.o
                0x08002508                A4::analogVoltage()
                0x08002524                non-virtual thunk to A4::analogVoltage()
 .text._ZN4Led013_digitalWriteEv
                0x0800252c       0x20 ..\obj\pin.o
                0x0800252c                Led0::_digitalWrite()
 .text._ZN4Led013_digitalWriteEi
                0x0800254c       0x30 ..\obj\pin.o
                0x0800254c                Led0::_digitalWrite(int)
 .text._ZN4Led012_digitalReadEv
                0x0800257c       0x20 ..\obj\pin.o
                0x0800257c                Led0::_digitalRead()
 .text._ZN4Led015_setupDigitalInEv
                0x0800259c       0x28 ..\obj\pin.o
                0x0800259c                Led0::_setupDigitalIn()
 .text._ZN4Led016_setupDigitalOutEv
                0x080025c4       0x28 ..\obj\pin.o
                0x080025c4                Led0::_setupDigitalOut()
 .text._ZN4Led021_setupDigitalInPullUpEv
                0x080025ec       0x28 ..\obj\pin.o
                0x080025ec                Led0::_setupDigitalInPullUp()
 .text._ZN4Led023_setupDigitalInPullDownEv
                0x08002614       0x28 ..\obj\pin.o
                0x08002614                Led0::_setupDigitalInPullDown()
 .text._ZN4Led113_digitalWriteEv
                0x0800263c       0x20 ..\obj\pin.o
                0x0800263c                Led1::_digitalWrite()
 .text._ZN4Led113_digitalWriteEi
                0x0800265c       0x30 ..\obj\pin.o
                0x0800265c                Led1::_digitalWrite(int)
 .text._ZN4Led112_digitalReadEv
                0x0800268c       0x20 ..\obj\pin.o
                0x0800268c                Led1::_digitalRead()
 .text._ZN4Led115_setupDigitalInEv
                0x080026ac       0x28 ..\obj\pin.o
                0x080026ac                Led1::_setupDigitalIn()
 .text._ZN4Led116_setupDigitalOutEv
                0x080026d4       0x28 ..\obj\pin.o
                0x080026d4                Led1::_setupDigitalOut()
 .text._ZN4Led121_setupDigitalInPullUpEv
                0x080026fc       0x28 ..\obj\pin.o
                0x080026fc                Led1::_setupDigitalInPullUp()
 .text._ZN4Led123_setupDigitalInPullDownEv
                0x08002724       0x28 ..\obj\pin.o
                0x08002724                Led1::_setupDigitalInPullDown()
 .text._ZN4Led213_digitalWriteEv
                0x0800274c       0x20 ..\obj\pin.o
                0x0800274c                Led2::_digitalWrite()
 .text._ZN4Led213_digitalWriteEi
                0x0800276c       0x30 ..\obj\pin.o
                0x0800276c                Led2::_digitalWrite(int)
 .text._ZN4Led212_digitalReadEv
                0x0800279c       0x20 ..\obj\pin.o
                0x0800279c                Led2::_digitalRead()
 .text._ZN4Led215_setupDigitalInEv
                0x080027bc       0x28 ..\obj\pin.o
                0x080027bc                Led2::_setupDigitalIn()
 .text._ZN4Led216_setupDigitalOutEv
                0x080027e4       0x28 ..\obj\pin.o
                0x080027e4                Led2::_setupDigitalOut()
 .text._ZN4Led221_setupDigitalInPullUpEv
                0x0800280c       0x28 ..\obj\pin.o
                0x0800280c                Led2::_setupDigitalInPullUp()
 .text._ZN4Led223_setupDigitalInPullDownEv
                0x08002834       0x28 ..\obj\pin.o
                0x08002834                Led2::_setupDigitalInPullDown()
 .text._ZN4Led313_digitalWriteEv
                0x0800285c       0x20 ..\obj\pin.o
                0x0800285c                Led3::_digitalWrite()
 .text._ZN4Led313_digitalWriteEi
                0x0800287c       0x30 ..\obj\pin.o
                0x0800287c                Led3::_digitalWrite(int)
 .text._ZN4Led312_digitalReadEv
                0x080028ac       0x20 ..\obj\pin.o
                0x080028ac                Led3::_digitalRead()
 .text._ZN4Led315_setupDigitalInEv
                0x080028cc       0x28 ..\obj\pin.o
                0x080028cc                Led3::_setupDigitalIn()
 .text._ZN4Led316_setupDigitalOutEv
                0x080028f4       0x28 ..\obj\pin.o
                0x080028f4                Led3::_setupDigitalOut()
 .text._ZN4Led321_setupDigitalInPullUpEv
                0x0800291c       0x28 ..\obj\pin.o
                0x0800291c                Led3::_setupDigitalInPullUp()
 .text._ZN4Led323_setupDigitalInPullDownEv
                0x08002944       0x28 ..\obj\pin.o
                0x08002944                Led3::_setupDigitalInPullDown()
 .text._ZN3Sw013_digitalWriteEv
                0x0800296c       0x20 ..\obj\pin.o
                0x0800296c                Sw0::_digitalWrite()
 .text._ZN3Sw013_digitalWriteEi
                0x0800298c       0x30 ..\obj\pin.o
                0x0800298c                Sw0::_digitalWrite(int)
 .text._ZN3Sw012_digitalReadEv
                0x080029bc       0x20 ..\obj\pin.o
                0x080029bc                Sw0::_digitalRead()
 .text._ZN3Sw015_setupDigitalInEv
                0x080029dc       0x28 ..\obj\pin.o
                0x080029dc                Sw0::_setupDigitalIn()
 .text._ZN3Sw016_setupDigitalOutEv
                0x08002a04       0x18 ..\obj\pin.o
                0x08002a04                Sw0::_setupDigitalOut()
 .text._ZN3Sw021_setupDigitalInPullUpEv
                0x08002a1c       0x28 ..\obj\pin.o
                0x08002a1c                Sw0::_setupDigitalInPullUp()
 .text._ZN3Sw023_setupDigitalInPullDownEv
                0x08002a44       0x28 ..\obj\pin.o
                0x08002a44                Sw0::_setupDigitalInPullDown()
 .text._ZN3Sw113_digitalWriteEv
                0x08002a6c       0x20 ..\obj\pin.o
                0x08002a6c                Sw1::_digitalWrite()
 .text._ZN3Sw113_digitalWriteEi
                0x08002a8c       0x30 ..\obj\pin.o
                0x08002a8c                Sw1::_digitalWrite(int)
 .text._ZN3Sw112_digitalReadEv
                0x08002abc       0x20 ..\obj\pin.o
                0x08002abc                Sw1::_digitalRead()
 .text._ZN3Sw115_setupDigitalInEv
                0x08002adc       0x28 ..\obj\pin.o
                0x08002adc                Sw1::_setupDigitalIn()
 .text._ZN3Sw116_setupDigitalOutEv
                0x08002b04       0x18 ..\obj\pin.o
                0x08002b04                Sw1::_setupDigitalOut()
 .text._ZN3Sw121_setupDigitalInPullUpEv
                0x08002b1c       0x28 ..\obj\pin.o
                0x08002b1c                Sw1::_setupDigitalInPullUp()
 .text._ZN3Sw123_setupDigitalInPullDownEv
                0x08002b44       0x28 ..\obj\pin.o
                0x08002b44                Sw1::_setupDigitalInPullDown()
 .text._ZN3Sw213_digitalWriteEv
                0x08002b6c       0x20 ..\obj\pin.o
                0x08002b6c                Sw2::_digitalWrite()
 .text._ZN3Sw213_digitalWriteEi
                0x08002b8c       0x30 ..\obj\pin.o
                0x08002b8c                Sw2::_digitalWrite(int)
 .text._ZN3Sw212_digitalReadEv
                0x08002bbc       0x20 ..\obj\pin.o
                0x08002bbc                Sw2::_digitalRead()
 .text._ZN3Sw215_setupDigitalInEv
                0x08002bdc       0x28 ..\obj\pin.o
                0x08002bdc                Sw2::_setupDigitalIn()
 .text._ZN3Sw216_setupDigitalOutEv
                0x08002c04       0x18 ..\obj\pin.o
                0x08002c04                Sw2::_setupDigitalOut()
 .text._ZN3Sw221_setupDigitalInPullUpEv
                0x08002c1c       0x28 ..\obj\pin.o
                0x08002c1c                Sw2::_setupDigitalInPullUp()
 .text._ZN3Sw223_setupDigitalInPullDownEv
                0x08002c44       0x28 ..\obj\pin.o
                0x08002c44                Sw2::_setupDigitalInPullDown()
 .text._ZN3Sw313_digitalWriteEv
                0x08002c6c       0x20 ..\obj\pin.o
                0x08002c6c                Sw3::_digitalWrite()
 .text._ZN3Sw313_digitalWriteEi
                0x08002c8c       0x30 ..\obj\pin.o
                0x08002c8c                Sw3::_digitalWrite(int)
 .text._ZN3Sw312_digitalReadEv
                0x08002cbc       0x20 ..\obj\pin.o
                0x08002cbc                Sw3::_digitalRead()
 .text._ZN3Sw315_setupDigitalInEv
                0x08002cdc       0x28 ..\obj\pin.o
                0x08002cdc                Sw3::_setupDigitalIn()
 .text._ZN3Sw316_setupDigitalOutEv
                0x08002d04       0x18 ..\obj\pin.o
                0x08002d04                Sw3::_setupDigitalOut()
 .text._ZN3Sw321_setupDigitalInPullUpEv
                0x08002d1c       0x28 ..\obj\pin.o
                0x08002d1c                Sw3::_setupDigitalInPullUp()
 .text._ZN3Sw323_setupDigitalInPullDownEv
                0x08002d44       0x28 ..\obj\pin.o
                0x08002d44                Sw3::_setupDigitalInPullDown()
 .text._ZN6Buzzer13_digitalWriteEv
                0x08002d6c       0x20 ..\obj\pin.o
                0x08002d6c                Buzzer::_digitalWrite()
 .text._ZN6Buzzer13_digitalWriteEi
                0x08002d8c       0x2c ..\obj\pin.o
                0x08002d8c                Buzzer::_digitalWrite(int)
 .text._ZN6Buzzer12_digitalReadEv
                0x08002db8       0x20 ..\obj\pin.o
                0x08002db8                Buzzer::_digitalRead()
 .text._ZN6Buzzer15_setupDigitalInEv
                0x08002dd8       0x28 ..\obj\pin.o
                0x08002dd8                Buzzer::_setupDigitalIn()
 .text._ZN6Buzzer16_setupDigitalOutEv
                0x08002e00       0x28 ..\obj\pin.o
                0x08002e00                Buzzer::_setupDigitalOut()
 .text._ZN6Buzzer21_setupDigitalInPullUpEv
                0x08002e28       0x28 ..\obj\pin.o
                0x08002e28                Buzzer::_setupDigitalInPullUp()
 .text._ZN6Buzzer23_setupDigitalInPullDownEv
                0x08002e50       0x28 ..\obj\pin.o
                0x08002e50                Buzzer::_setupDigitalInPullDown()
 .text._ZN3CW013_digitalWriteEv
                0x08002e78       0x20 ..\obj\pin.o
                0x08002e78                CW0::_digitalWrite()
 .text._ZN3CW013_digitalWriteEi
                0x08002e98       0x2c ..\obj\pin.o
                0x08002e98                CW0::_digitalWrite(int)
 .text._ZN3CW012_digitalReadEv
                0x08002ec4       0x20 ..\obj\pin.o
                0x08002ec4                CW0::_digitalRead()
 .text._ZN3CW015_setupDigitalInEv
                0x08002ee4       0x28 ..\obj\pin.o
                0x08002ee4                CW0::_setupDigitalIn()
 .text._ZN3CW016_setupDigitalOutEv
                0x08002f0c       0x28 ..\obj\pin.o
                0x08002f0c                CW0::_setupDigitalOut()
 .text._ZN3CW021_setupDigitalInPullUpEv
                0x08002f34       0x28 ..\obj\pin.o
                0x08002f34                CW0::_setupDigitalInPullUp()
 .text._ZN3CW023_setupDigitalInPullDownEv
                0x08002f5c       0x28 ..\obj\pin.o
                0x08002f5c                CW0::_setupDigitalInPullDown()
 .text._ZN4CCW013_digitalWriteEv
                0x08002f84       0x20 ..\obj\pin.o
                0x08002f84                CCW0::_digitalWrite()
 .text._ZN4CCW013_digitalWriteEi
                0x08002fa4       0x2c ..\obj\pin.o
                0x08002fa4                CCW0::_digitalWrite(int)
 .text._ZN4CCW012_digitalReadEv
                0x08002fd0       0x20 ..\obj\pin.o
                0x08002fd0                CCW0::_digitalRead()
 .text._ZN4CCW015_setupDigitalInEv
                0x08002ff0       0x28 ..\obj\pin.o
                0x08002ff0                CCW0::_setupDigitalIn()
 .text._ZN4CCW016_setupDigitalOutEv
                0x08003018       0x28 ..\obj\pin.o
                0x08003018                CCW0::_setupDigitalOut()
 .text._ZN4CCW021_setupDigitalInPullUpEv
                0x08003040       0x28 ..\obj\pin.o
                0x08003040                CCW0::_setupDigitalInPullUp()
 .text._ZN4CCW023_setupDigitalInPullDownEv
                0x08003068       0x28 ..\obj\pin.o
                0x08003068                CCW0::_setupDigitalInPullDown()
 .text._ZN3CW113_digitalWriteEv
                0x08003090       0x20 ..\obj\pin.o
                0x08003090                CW1::_digitalWrite()
 .text._ZN3CW113_digitalWriteEi
                0x080030b0       0x30 ..\obj\pin.o
                0x080030b0                CW1::_digitalWrite(int)
 .text._ZN3CW112_digitalReadEv
                0x080030e0       0x20 ..\obj\pin.o
                0x080030e0                CW1::_digitalRead()
 .text._ZN3CW115_setupDigitalInEv
                0x08003100       0x28 ..\obj\pin.o
                0x08003100                CW1::_setupDigitalIn()
 .text._ZN3CW116_setupDigitalOutEv
                0x08003128       0x28 ..\obj\pin.o
                0x08003128                CW1::_setupDigitalOut()
 .text._ZN3CW121_setupDigitalInPullUpEv
                0x08003150       0x28 ..\obj\pin.o
                0x08003150                CW1::_setupDigitalInPullUp()
 .text._ZN3CW123_setupDigitalInPullDownEv
                0x08003178       0x28 ..\obj\pin.o
                0x08003178                CW1::_setupDigitalInPullDown()
 .text._ZN4CCW113_digitalWriteEv
                0x080031a0       0x20 ..\obj\pin.o
                0x080031a0                CCW1::_digitalWrite()
 .text._ZN4CCW113_digitalWriteEi
                0x080031c0       0x2c ..\obj\pin.o
                0x080031c0                CCW1::_digitalWrite(int)
 .text._ZN4CCW112_digitalReadEv
                0x080031ec       0x20 ..\obj\pin.o
                0x080031ec                CCW1::_digitalRead()
 .text._ZN4CCW115_setupDigitalInEv
                0x0800320c       0x28 ..\obj\pin.o
                0x0800320c                CCW1::_setupDigitalIn()
 .text._ZN4CCW116_setupDigitalOutEv
                0x08003234       0x28 ..\obj\pin.o
                0x08003234                CCW1::_setupDigitalOut()
 .text._ZN4CCW121_setupDigitalInPullUpEv
                0x0800325c       0x28 ..\obj\pin.o
                0x0800325c                CCW1::_setupDigitalInPullUp()
 .text._ZN4CCW123_setupDigitalInPullDownEv
                0x08003284       0x28 ..\obj\pin.o
                0x08003284                CCW1::_setupDigitalInPullDown()
 .text._ZN3CW213_digitalWriteEv
                0x080032ac       0x20 ..\obj\pin.o
                0x080032ac                CW2::_digitalWrite()
 .text._ZN3CW213_digitalWriteEi
                0x080032cc       0x2c ..\obj\pin.o
                0x080032cc                CW2::_digitalWrite(int)
 .text._ZN3CW212_digitalReadEv
                0x080032f8       0x20 ..\obj\pin.o
                0x080032f8                CW2::_digitalRead()
 .text._ZN3CW215_setupDigitalInEv
                0x08003318       0x28 ..\obj\pin.o
                0x08003318                CW2::_setupDigitalIn()
 .text._ZN3CW216_setupDigitalOutEv
                0x08003340       0x28 ..\obj\pin.o
                0x08003340                CW2::_setupDigitalOut()
 .text._ZN3CW221_setupDigitalInPullUpEv
                0x08003368       0x28 ..\obj\pin.o
                0x08003368                CW2::_setupDigitalInPullUp()
 .text._ZN3CW223_setupDigitalInPullDownEv
                0x08003390       0x28 ..\obj\pin.o
                0x08003390                CW2::_setupDigitalInPullDown()
 .text._ZN4CCW213_digitalWriteEv
                0x080033b8       0x20 ..\obj\pin.o
                0x080033b8                CCW2::_digitalWrite()
 .text._ZN4CCW213_digitalWriteEi
                0x080033d8       0x2c ..\obj\pin.o
                0x080033d8                CCW2::_digitalWrite(int)
 .text._ZN4CCW212_digitalReadEv
                0x08003404       0x20 ..\obj\pin.o
                0x08003404                CCW2::_digitalRead()
 .text._ZN4CCW215_setupDigitalInEv
                0x08003424       0x28 ..\obj\pin.o
                0x08003424                CCW2::_setupDigitalIn()
 .text._ZN4CCW216_setupDigitalOutEv
                0x0800344c       0x28 ..\obj\pin.o
                0x0800344c                CCW2::_setupDigitalOut()
 .text._ZN4CCW221_setupDigitalInPullUpEv
                0x08003474       0x28 ..\obj\pin.o
                0x08003474                CCW2::_setupDigitalInPullUp()
 .text._ZN4CCW223_setupDigitalInPullDownEv
                0x0800349c       0x28 ..\obj\pin.o
                0x0800349c                CCW2::_setupDigitalInPullDown()
 .text._ZN3CW313_digitalWriteEv
                0x080034c4       0x20 ..\obj\pin.o
                0x080034c4                CW3::_digitalWrite()
 .text._ZN3CW313_digitalWriteEi
                0x080034e4       0x30 ..\obj\pin.o
                0x080034e4                CW3::_digitalWrite(int)
 .text._ZN3CW312_digitalReadEv
                0x08003514       0x20 ..\obj\pin.o
                0x08003514                CW3::_digitalRead()
 .text._ZN3CW315_setupDigitalInEv
                0x08003534       0x28 ..\obj\pin.o
                0x08003534                CW3::_setupDigitalIn()
 .text._ZN3CW316_setupDigitalOutEv
                0x0800355c       0x28 ..\obj\pin.o
                0x0800355c                CW3::_setupDigitalOut()
 .text._ZN3CW321_setupDigitalInPullUpEv
                0x08003584       0x28 ..\obj\pin.o
                0x08003584                CW3::_setupDigitalInPullUp()
 .text._ZN3CW323_setupDigitalInPullDownEv
                0x080035ac       0x28 ..\obj\pin.o
                0x080035ac                CW3::_setupDigitalInPullDown()
 .text._ZN4CCW313_digitalWriteEv
                0x080035d4       0x20 ..\obj\pin.o
                0x080035d4                CCW3::_digitalWrite()
 .text._ZN4CCW313_digitalWriteEi
                0x080035f4       0x2c ..\obj\pin.o
                0x080035f4                CCW3::_digitalWrite(int)
 .text._ZN4CCW312_digitalReadEv
                0x08003620       0x20 ..\obj\pin.o
                0x08003620                CCW3::_digitalRead()
 .text._ZN4CCW315_setupDigitalInEv
                0x08003640       0x28 ..\obj\pin.o
                0x08003640                CCW3::_setupDigitalIn()
 .text._ZN4CCW316_setupDigitalOutEv
                0x08003668       0x28 ..\obj\pin.o
                0x08003668                CCW3::_setupDigitalOut()
 .text._ZN4CCW321_setupDigitalInPullUpEv
                0x08003690       0x28 ..\obj\pin.o
                0x08003690                CCW3::_setupDigitalInPullUp()
 .text._ZN4CCW323_setupDigitalInPullDownEv
                0x080036b8       0x28 ..\obj\pin.o
                0x080036b8                CCW3::_setupDigitalInPullDown()
 .text._ZN3CW413_digitalWriteEv
                0x080036e0       0x20 ..\obj\pin.o
                0x080036e0                CW4::_digitalWrite()
 .text._ZN3CW413_digitalWriteEi
                0x08003700       0x2c ..\obj\pin.o
                0x08003700                CW4::_digitalWrite(int)
 .text._ZN3CW412_digitalReadEv
                0x0800372c       0x20 ..\obj\pin.o
                0x0800372c                CW4::_digitalRead()
 .text._ZN3CW415_setupDigitalInEv
                0x0800374c       0x28 ..\obj\pin.o
                0x0800374c                CW4::_setupDigitalIn()
 .text._ZN3CW416_setupDigitalOutEv
                0x08003774       0x28 ..\obj\pin.o
                0x08003774                CW4::_setupDigitalOut()
 .text._ZN3CW421_setupDigitalInPullUpEv
                0x0800379c       0x28 ..\obj\pin.o
                0x0800379c                CW4::_setupDigitalInPullUp()
 .text._ZN3CW423_setupDigitalInPullDownEv
                0x080037c4       0x28 ..\obj\pin.o
                0x080037c4                CW4::_setupDigitalInPullDown()
 .text._ZN4CCW413_digitalWriteEv
                0x080037ec       0x20 ..\obj\pin.o
                0x080037ec                CCW4::_digitalWrite()
 .text._ZN4CCW413_digitalWriteEi
                0x0800380c       0x2c ..\obj\pin.o
                0x0800380c                CCW4::_digitalWrite(int)
 .text._ZN4CCW412_digitalReadEv
                0x08003838       0x20 ..\obj\pin.o
                0x08003838                CCW4::_digitalRead()
 .text._ZN4CCW415_setupDigitalInEv
                0x08003858       0x28 ..\obj\pin.o
                0x08003858                CCW4::_setupDigitalIn()
 .text._ZN4CCW416_setupDigitalOutEv
                0x08003880       0x28 ..\obj\pin.o
                0x08003880                CCW4::_setupDigitalOut()
 .text._ZN4CCW421_setupDigitalInPullUpEv
                0x080038a8       0x28 ..\obj\pin.o
                0x080038a8                CCW4::_setupDigitalInPullUp()
 .text._ZN4CCW423_setupDigitalInPullDownEv
                0x080038d0       0x28 ..\obj\pin.o
                0x080038d0                CCW4::_setupDigitalInPullDown()
 .text._ZN3CW513_digitalWriteEv
                0x080038f8       0x20 ..\obj\pin.o
                0x080038f8                CW5::_digitalWrite()
 .text._ZN3CW513_digitalWriteEi
                0x08003918       0x30 ..\obj\pin.o
                0x08003918                CW5::_digitalWrite(int)
 .text._ZN3CW512_digitalReadEv
                0x08003948       0x20 ..\obj\pin.o
                0x08003948                CW5::_digitalRead()
 .text._ZN3CW515_setupDigitalInEv
                0x08003968       0x28 ..\obj\pin.o
                0x08003968                CW5::_setupDigitalIn()
 .text._ZN3CW516_setupDigitalOutEv
                0x08003990       0x28 ..\obj\pin.o
                0x08003990                CW5::_setupDigitalOut()
 .text._ZN3CW521_setupDigitalInPullUpEv
                0x080039b8       0x28 ..\obj\pin.o
                0x080039b8                CW5::_setupDigitalInPullUp()
 .text._ZN3CW523_setupDigitalInPullDownEv
                0x080039e0       0x28 ..\obj\pin.o
                0x080039e0                CW5::_setupDigitalInPullDown()
 .text._ZN4CCW513_digitalWriteEv
                0x08003a08       0x20 ..\obj\pin.o
                0x08003a08                CCW5::_digitalWrite()
 .text._ZN4CCW513_digitalWriteEi
                0x08003a28       0x2c ..\obj\pin.o
                0x08003a28                CCW5::_digitalWrite(int)
 .text._ZN4CCW512_digitalReadEv
                0x08003a54       0x20 ..\obj\pin.o
                0x08003a54                CCW5::_digitalRead()
 .text._ZN4CCW515_setupDigitalInEv
                0x08003a74       0x28 ..\obj\pin.o
                0x08003a74                CCW5::_setupDigitalIn()
 .text._ZN4CCW516_setupDigitalOutEv
                0x08003a9c       0x28 ..\obj\pin.o
                0x08003a9c                CCW5::_setupDigitalOut()
 .text._ZN4CCW521_setupDigitalInPullUpEv
                0x08003ac4       0x28 ..\obj\pin.o
                0x08003ac4                CCW5::_setupDigitalInPullUp()
 .text._ZN4CCW523_setupDigitalInPullDownEv
                0x08003aec       0x28 ..\obj\pin.o
                0x08003aec                CCW5::_setupDigitalInPullDown()
 .text._ZN2A013_digitalWriteEv
                0x08003b14       0x20 ..\obj\pin.o
                0x08003b14                A0::_digitalWrite()
 .text._ZN2A013_digitalWriteEi
                0x08003b34       0x2c ..\obj\pin.o
                0x08003b34                A0::_digitalWrite(int)
 .text._ZN2A012_digitalReadEv
                0x08003b60       0x20 ..\obj\pin.o
                0x08003b60                A0::_digitalRead()
 .text._ZN2A015_setupDigitalInEv
                0x08003b80       0x28 ..\obj\pin.o
                0x08003b80                A0::_setupDigitalIn()
 .text._ZN2A016_setupDigitalOutEv
                0x08003ba8       0x2c ..\obj\pin.o
                0x08003ba8                A0::_setupDigitalOut()
 .text._ZN2A021_setupDigitalInPullUpEv
                0x08003bd4       0x28 ..\obj\pin.o
                0x08003bd4                A0::_setupDigitalInPullUp()
 .text._ZN2A023_setupDigitalInPullDownEv
                0x08003bfc       0x28 ..\obj\pin.o
                0x08003bfc                A0::_setupDigitalInPullDown()
 .text._ZN2A113_digitalWriteEv
                0x08003c24       0x20 ..\obj\pin.o
                0x08003c24                A1::_digitalWrite()
 .text._ZN2A113_digitalWriteEi
                0x08003c44       0x2c ..\obj\pin.o
                0x08003c44                A1::_digitalWrite(int)
 .text._ZN2A112_digitalReadEv
                0x08003c70       0x20 ..\obj\pin.o
                0x08003c70                A1::_digitalRead()
 .text._ZN2A115_setupDigitalInEv
                0x08003c90       0x28 ..\obj\pin.o
                0x08003c90                A1::_setupDigitalIn()
 .text._ZN2A116_setupDigitalOutEv
                0x08003cb8       0x2c ..\obj\pin.o
                0x08003cb8                A1::_setupDigitalOut()
 .text._ZN2A121_setupDigitalInPullUpEv
                0x08003ce4       0x28 ..\obj\pin.o
                0x08003ce4                A1::_setupDigitalInPullUp()
 .text._ZN2A123_setupDigitalInPullDownEv
                0x08003d0c       0x28 ..\obj\pin.o
                0x08003d0c                A1::_setupDigitalInPullDown()
 .text._ZN2A213_digitalWriteEv
                0x08003d34       0x20 ..\obj\pin.o
                0x08003d34                A2::_digitalWrite()
 .text._ZN2A213_digitalWriteEi
                0x08003d54       0x2c ..\obj\pin.o
                0x08003d54                A2::_digitalWrite(int)
 .text._ZN2A212_digitalReadEv
                0x08003d80       0x20 ..\obj\pin.o
                0x08003d80                A2::_digitalRead()
 .text._ZN2A215_setupDigitalInEv
                0x08003da0       0x28 ..\obj\pin.o
                0x08003da0                A2::_setupDigitalIn()
 .text._ZN2A216_setupDigitalOutEv
                0x08003dc8       0x2c ..\obj\pin.o
                0x08003dc8                A2::_setupDigitalOut()
 .text._ZN2A221_setupDigitalInPullUpEv
                0x08003df4       0x28 ..\obj\pin.o
                0x08003df4                A2::_setupDigitalInPullUp()
 .text._ZN2A223_setupDigitalInPullDownEv
                0x08003e1c       0x28 ..\obj\pin.o
                0x08003e1c                A2::_setupDigitalInPullDown()
 .text._ZN2A313_digitalWriteEv
                0x08003e44       0x20 ..\obj\pin.o
                0x08003e44                A3::_digitalWrite()
 .text._ZN2A313_digitalWriteEi
                0x08003e64       0x2c ..\obj\pin.o
                0x08003e64                A3::_digitalWrite(int)
 .text._ZN2A312_digitalReadEv
                0x08003e90       0x20 ..\obj\pin.o
                0x08003e90                A3::_digitalRead()
 .text._ZN2A315_setupDigitalInEv
                0x08003eb0       0x28 ..\obj\pin.o
                0x08003eb0                A3::_setupDigitalIn()
 .text._ZN2A316_setupDigitalOutEv
                0x08003ed8       0x2c ..\obj\pin.o
                0x08003ed8                A3::_setupDigitalOut()
 .text._ZN2A321_setupDigitalInPullUpEv
                0x08003f04       0x28 ..\obj\pin.o
                0x08003f04                A3::_setupDigitalInPullUp()
 .text._ZN2A323_setupDigitalInPullDownEv
                0x08003f2c       0x28 ..\obj\pin.o
                0x08003f2c                A3::_setupDigitalInPullDown()
 .text._ZN2A413_digitalWriteEv
                0x08003f54       0x20 ..\obj\pin.o
                0x08003f54                A4::_digitalWrite()
 .text._ZN2A413_digitalWriteEi
                0x08003f74       0x2c ..\obj\pin.o
                0x08003f74                A4::_digitalWrite(int)
 .text._ZN2A412_digitalReadEv
                0x08003fa0       0x20 ..\obj\pin.o
                0x08003fa0                A4::_digitalRead()
 .text._ZN2A415_setupDigitalInEv
                0x08003fc0       0x28 ..\obj\pin.o
                0x08003fc0                A4::_setupDigitalIn()
 .text._ZN2A416_setupDigitalOutEv
                0x08003fe8       0x2c ..\obj\pin.o
                0x08003fe8                A4::_setupDigitalOut()
 .text._ZN2A421_setupDigitalInPullUpEv
                0x08004014       0x28 ..\obj\pin.o
                0x08004014                A4::_setupDigitalInPullUp()
 .text._ZN2A423_setupDigitalInPullDownEv
                0x0800403c       0x28 ..\obj\pin.o
                0x0800403c                A4::_setupDigitalInPullDown()
 .text._ZN4Pwm013_digitalWriteEv
                0x08004064       0x20 ..\obj\pin.o
                0x08004064                Pwm0::_digitalWrite()
 .text._ZN4Pwm013_digitalWriteEi
                0x08004084       0x30 ..\obj\pin.o
                0x08004084                Pwm0::_digitalWrite(int)
 .text._ZN4Pwm012_digitalReadEv
                0x080040b4       0x20 ..\obj\pin.o
                0x080040b4                Pwm0::_digitalRead()
 .text._ZN4Pwm015_setupDigitalInEv
                0x080040d4       0x28 ..\obj\pin.o
                0x080040d4                Pwm0::_setupDigitalIn()
 .text._ZN4Pwm016_setupDigitalOutEv
                0x080040fc       0x30 ..\obj\pin.o
                0x080040fc                Pwm0::_setupDigitalOut()
 .text._ZN4Pwm021_setupDigitalInPullUpEv
                0x0800412c       0x28 ..\obj\pin.o
                0x0800412c                Pwm0::_setupDigitalInPullUp()
 .text._ZN4Pwm023_setupDigitalInPullDownEv
                0x08004154       0x28 ..\obj\pin.o
                0x08004154                Pwm0::_setupDigitalInPullDown()
 .text._ZN4Pwm113_digitalWriteEv
                0x0800417c       0x20 ..\obj\pin.o
                0x0800417c                Pwm1::_digitalWrite()
 .text._ZN4Pwm113_digitalWriteEi
                0x0800419c       0x2c ..\obj\pin.o
                0x0800419c                Pwm1::_digitalWrite(int)
 .text._ZN4Pwm112_digitalReadEv
                0x080041c8       0x20 ..\obj\pin.o
                0x080041c8                Pwm1::_digitalRead()
 .text._ZN4Pwm115_setupDigitalInEv
                0x080041e8       0x28 ..\obj\pin.o
                0x080041e8                Pwm1::_setupDigitalIn()
 .text._ZN4Pwm116_setupDigitalOutEv
                0x08004210       0x2c ..\obj\pin.o
                0x08004210                Pwm1::_setupDigitalOut()
 .text._ZN4Pwm121_setupDigitalInPullUpEv
                0x0800423c       0x28 ..\obj\pin.o
                0x0800423c                Pwm1::_setupDigitalInPullUp()
 .text._ZN4Pwm123_setupDigitalInPullDownEv
                0x08004264       0x28 ..\obj\pin.o
                0x08004264                Pwm1::_setupDigitalInPullDown()
 .text._ZN4Pwm213_digitalWriteEv
                0x0800428c       0x20 ..\obj\pin.o
                0x0800428c                Pwm2::_digitalWrite()
 .text._ZN4Pwm213_digitalWriteEi
                0x080042ac       0x2c ..\obj\pin.o
                0x080042ac                Pwm2::_digitalWrite(int)
 .text._ZN4Pwm212_digitalReadEv
                0x080042d8       0x20 ..\obj\pin.o
                0x080042d8                Pwm2::_digitalRead()
 .text._ZN4Pwm215_setupDigitalInEv
                0x080042f8       0x28 ..\obj\pin.o
                0x080042f8                Pwm2::_setupDigitalIn()
 .text._ZN4Pwm216_setupDigitalOutEv
                0x08004320       0x2c ..\obj\pin.o
                0x08004320                Pwm2::_setupDigitalOut()
 .text._ZN4Pwm221_setupDigitalInPullUpEv
                0x0800434c       0x28 ..\obj\pin.o
                0x0800434c                Pwm2::_setupDigitalInPullUp()
 .text._ZN4Pwm223_setupDigitalInPullDownEv
                0x08004374       0x28 ..\obj\pin.o
                0x08004374                Pwm2::_setupDigitalInPullDown()
 .text._ZN4Pwm313_digitalWriteEv
                0x0800439c       0x20 ..\obj\pin.o
                0x0800439c                Pwm3::_digitalWrite()
 .text._ZN4Pwm313_digitalWriteEi
                0x080043bc       0x30 ..\obj\pin.o
                0x080043bc                Pwm3::_digitalWrite(int)
 .text._ZN4Pwm312_digitalReadEv
                0x080043ec       0x20 ..\obj\pin.o
                0x080043ec                Pwm3::_digitalRead()
 .text._ZN4Pwm315_setupDigitalInEv
                0x0800440c       0x28 ..\obj\pin.o
                0x0800440c                Pwm3::_setupDigitalIn()
 .text._ZN4Pwm316_setupDigitalOutEv
                0x08004434       0x30 ..\obj\pin.o
                0x08004434                Pwm3::_setupDigitalOut()
 .text._ZN4Pwm321_setupDigitalInPullUpEv
                0x08004464       0x28 ..\obj\pin.o
                0x08004464                Pwm3::_setupDigitalInPullUp()
 .text._ZN4Pwm323_setupDigitalInPullDownEv
                0x0800448c       0x28 ..\obj\pin.o
                0x0800448c                Pwm3::_setupDigitalInPullDown()
 .text._ZN4Pwm413_digitalWriteEv
                0x080044b4       0x20 ..\obj\pin.o
                0x080044b4                Pwm4::_digitalWrite()
 .text._ZN4Pwm413_digitalWriteEi
                0x080044d4       0x30 ..\obj\pin.o
                0x080044d4                Pwm4::_digitalWrite(int)
 .text._ZN4Pwm412_digitalReadEv
                0x08004504       0x20 ..\obj\pin.o
                0x08004504                Pwm4::_digitalRead()
 .text._ZN4Pwm415_setupDigitalInEv
                0x08004524       0x28 ..\obj\pin.o
                0x08004524                Pwm4::_setupDigitalIn()
 .text._ZN4Pwm416_setupDigitalOutEv
                0x0800454c       0x30 ..\obj\pin.o
                0x0800454c                Pwm4::_setupDigitalOut()
 .text._ZN4Pwm421_setupDigitalInPullUpEv
                0x0800457c       0x28 ..\obj\pin.o
                0x0800457c                Pwm4::_setupDigitalInPullUp()
 .text._ZN4Pwm423_setupDigitalInPullDownEv
                0x080045a4       0x28 ..\obj\pin.o
                0x080045a4                Pwm4::_setupDigitalInPullDown()
 .text._ZN4Pwm513_digitalWriteEv
                0x080045cc       0x20 ..\obj\pin.o
                0x080045cc                Pwm5::_digitalWrite()
 .text._ZN4Pwm513_digitalWriteEi
                0x080045ec       0x30 ..\obj\pin.o
                0x080045ec                Pwm5::_digitalWrite(int)
 .text._ZN4Pwm512_digitalReadEv
                0x0800461c       0x20 ..\obj\pin.o
                0x0800461c                Pwm5::_digitalRead()
 .text._ZN4Pwm515_setupDigitalInEv
                0x0800463c       0x28 ..\obj\pin.o
                0x0800463c                Pwm5::_setupDigitalIn()
 .text._ZN4Pwm516_setupDigitalOutEv
                0x08004664       0x30 ..\obj\pin.o
                0x08004664                Pwm5::_setupDigitalOut()
 .text._ZN4Pwm521_setupDigitalInPullUpEv
                0x08004694       0x28 ..\obj\pin.o
                0x08004694                Pwm5::_setupDigitalInPullUp()
 .text._ZN4Pwm523_setupDigitalInPullDownEv
                0x080046bc       0x28 ..\obj\pin.o
                0x080046bc                Pwm5::_setupDigitalInPullDown()
 .text._ZN2A014_setupAnalogInEv
                0x080046e4       0x24 ..\obj\pin.o
                0x080046e4                A0::_setupAnalogIn()
 .text._ZThn8_N2A014_setupAnalogInEv
                0x08004708        0x8 ..\obj\pin.o
                0x08004708                non-virtual thunk to A0::_setupAnalogIn()
 .text._ZN2A011_analogReadEv
                0x08004710       0x40 ..\obj\pin.o
                0x08004710                A0::_analogRead()
 .text._ZThn8_N2A011_analogReadEv
                0x08004750        0x8 ..\obj\pin.o
                0x08004750                non-virtual thunk to A0::_analogRead()
 .text._ZN2A114_setupAnalogInEv
                0x08004758       0x24 ..\obj\pin.o
                0x08004758                A1::_setupAnalogIn()
 .text._ZThn8_N2A114_setupAnalogInEv
                0x0800477c        0x8 ..\obj\pin.o
                0x0800477c                non-virtual thunk to A1::_setupAnalogIn()
 .text._ZN2A111_analogReadEv
                0x08004784       0x40 ..\obj\pin.o
                0x08004784                A1::_analogRead()
 .text._ZThn8_N2A111_analogReadEv
                0x080047c4        0x8 ..\obj\pin.o
                0x080047c4                non-virtual thunk to A1::_analogRead()
 .text._ZN2A214_setupAnalogInEv
                0x080047cc       0x24 ..\obj\pin.o
                0x080047cc                A2::_setupAnalogIn()
 .text._ZThn8_N2A214_setupAnalogInEv
                0x080047f0        0x8 ..\obj\pin.o
                0x080047f0                non-virtual thunk to A2::_setupAnalogIn()
 .text._ZN2A211_analogReadEv
                0x080047f8       0x40 ..\obj\pin.o
                0x080047f8                A2::_analogRead()
 .text._ZThn8_N2A211_analogReadEv
                0x08004838        0x8 ..\obj\pin.o
                0x08004838                non-virtual thunk to A2::_analogRead()
 .text._ZN2A314_setupAnalogInEv
                0x08004840       0x24 ..\obj\pin.o
                0x08004840                A3::_setupAnalogIn()
 .text._ZThn8_N2A314_setupAnalogInEv
                0x08004864        0x8 ..\obj\pin.o
                0x08004864                non-virtual thunk to A3::_setupAnalogIn()
 .text._ZN2A311_analogReadEv
                0x0800486c       0x40 ..\obj\pin.o
                0x0800486c                A3::_analogRead()
 .text._ZThn8_N2A311_analogReadEv
                0x080048ac        0x8 ..\obj\pin.o
                0x080048ac                non-virtual thunk to A3::_analogRead()
 .text._ZN2A414_setupAnalogInEv
                0x080048b4       0x24 ..\obj\pin.o
                0x080048b4                A4::_setupAnalogIn()
 .text._ZThn8_N2A414_setupAnalogInEv
                0x080048d8        0x8 ..\obj\pin.o
                0x080048d8                non-virtual thunk to A4::_setupAnalogIn()
 .text._ZN2A411_analogReadEv
                0x080048e0       0x40 ..\obj\pin.o
                0x080048e0                A4::_analogRead()
 .text._ZThn8_N2A411_analogReadEv
                0x08004920        0x8 ..\obj\pin.o
                0x08004920                non-virtual thunk to A4::_analogRead()
 .text._ZN4Enc05setupEv
                0x08004928       0x28 ..\obj\pin.o
                0x08004928                Enc0::setup()
 .text._ZN4Enc05countEv
                0x08004950       0x30 ..\obj\pin.o
                0x08004950                Enc0::count()
 .text._ZN4Enc15setupEv
                0x08004980       0x24 ..\obj\pin.o
                0x08004980                Enc1::setup()
 .text._ZN4Enc15countEv
                0x080049a4       0x30 ..\obj\pin.o
                0x080049a4                Enc1::count()
 .text._ZN4Enc25setupEv
                0x080049d4       0x24 ..\obj\pin.o
                0x080049d4                Enc2::setup()
 .text._ZN4Enc25countEv
                0x080049f8       0x30 ..\obj\pin.o
                0x080049f8                Enc2::count()
 .text._ZN4Pwm012_setupPwmOutEff
                0x08004a28       0x48 ..\obj\pin.o
                0x08004a28                Pwm0::_setupPwmOut(float, float)
 .text._ZThn8_N4Pwm012_setupPwmOutEff
                0x08004a70        0x8 ..\obj\pin.o
                0x08004a70                non-virtual thunk to Pwm0::_setupPwmOut(float, float)
 .text._ZN4Pwm09_pwmWriteEf
                0x08004a78       0x20 ..\obj\pin.o
                0x08004a78                Pwm0::_pwmWrite(float)
 .text._ZThn8_N4Pwm09_pwmWriteEf
                0x08004a98        0x8 ..\obj\pin.o
                0x08004a98                non-virtual thunk to Pwm0::_pwmWrite(float)
 .text._ZN4Pwm09_pwmWriteEv
                0x08004aa0       0x20 ..\obj\pin.o
                0x08004aa0                Pwm0::_pwmWrite()
 .text._ZThn8_N4Pwm09_pwmWriteEv
                0x08004ac0        0x8 ..\obj\pin.o
                0x08004ac0                non-virtual thunk to Pwm0::_pwmWrite()
 .text._ZN4Pwm112_setupPwmOutEff
                0x08004ac8       0x44 ..\obj\pin.o
                0x08004ac8                Pwm1::_setupPwmOut(float, float)
 .text._ZThn8_N4Pwm112_setupPwmOutEff
                0x08004b0c        0x8 ..\obj\pin.o
                0x08004b0c                non-virtual thunk to Pwm1::_setupPwmOut(float, float)
 .text._ZN4Pwm19_pwmWriteEf
                0x08004b14       0x20 ..\obj\pin.o
                0x08004b14                Pwm1::_pwmWrite(float)
 .text._ZThn8_N4Pwm19_pwmWriteEf
                0x08004b34        0x8 ..\obj\pin.o
                0x08004b34                non-virtual thunk to Pwm1::_pwmWrite(float)
 .text._ZN4Pwm19_pwmWriteEv
                0x08004b3c       0x20 ..\obj\pin.o
                0x08004b3c                Pwm1::_pwmWrite()
 .text._ZThn8_N4Pwm19_pwmWriteEv
                0x08004b5c        0x8 ..\obj\pin.o
                0x08004b5c                non-virtual thunk to Pwm1::_pwmWrite()
 .text._ZN4Pwm212_setupPwmOutEff
                0x08004b64       0x44 ..\obj\pin.o
                0x08004b64                Pwm2::_setupPwmOut(float, float)
 .text._ZThn8_N4Pwm212_setupPwmOutEff
                0x08004ba8        0x8 ..\obj\pin.o
                0x08004ba8                non-virtual thunk to Pwm2::_setupPwmOut(float, float)
 .text._ZN4Pwm29_pwmWriteEf
                0x08004bb0       0x20 ..\obj\pin.o
                0x08004bb0                Pwm2::_pwmWrite(float)
 .text._ZThn8_N4Pwm29_pwmWriteEf
                0x08004bd0        0x8 ..\obj\pin.o
                0x08004bd0                non-virtual thunk to Pwm2::_pwmWrite(float)
 .text._ZN4Pwm29_pwmWriteEv
                0x08004bd8       0x20 ..\obj\pin.o
                0x08004bd8                Pwm2::_pwmWrite()
 .text._ZThn8_N4Pwm29_pwmWriteEv
                0x08004bf8        0x8 ..\obj\pin.o
                0x08004bf8                non-virtual thunk to Pwm2::_pwmWrite()
 .text._ZN4Pwm312_setupPwmOutEff
                0x08004c00       0x48 ..\obj\pin.o
                0x08004c00                Pwm3::_setupPwmOut(float, float)
 .text._ZThn8_N4Pwm312_setupPwmOutEff
                0x08004c48        0x8 ..\obj\pin.o
                0x08004c48                non-virtual thunk to Pwm3::_setupPwmOut(float, float)
 .text._ZN4Pwm39_pwmWriteEf
                0x08004c50       0x20 ..\obj\pin.o
                0x08004c50                Pwm3::_pwmWrite(float)
 .text._ZThn8_N4Pwm39_pwmWriteEf
                0x08004c70        0x8 ..\obj\pin.o
                0x08004c70                non-virtual thunk to Pwm3::_pwmWrite(float)
 .text._ZN4Pwm39_pwmWriteEv
                0x08004c78       0x20 ..\obj\pin.o
                0x08004c78                Pwm3::_pwmWrite()
 .text._ZThn8_N4Pwm39_pwmWriteEv
                0x08004c98        0x8 ..\obj\pin.o
                0x08004c98                non-virtual thunk to Pwm3::_pwmWrite()
 .text._ZN4Pwm412_setupPwmOutEff
                0x08004ca0       0x48 ..\obj\pin.o
                0x08004ca0                Pwm4::_setupPwmOut(float, float)
 .text._ZThn8_N4Pwm412_setupPwmOutEff
                0x08004ce8        0x8 ..\obj\pin.o
                0x08004ce8                non-virtual thunk to Pwm4::_setupPwmOut(float, float)
 .text._ZN4Pwm49_pwmWriteEf
                0x08004cf0       0x20 ..\obj\pin.o
                0x08004cf0                Pwm4::_pwmWrite(float)
 .text._ZThn8_N4Pwm49_pwmWriteEf
                0x08004d10        0x8 ..\obj\pin.o
                0x08004d10                non-virtual thunk to Pwm4::_pwmWrite(float)
 .text._ZN4Pwm49_pwmWriteEv
                0x08004d18       0x20 ..\obj\pin.o
                0x08004d18                Pwm4::_pwmWrite()
 .text._ZThn8_N4Pwm49_pwmWriteEv
                0x08004d38        0x8 ..\obj\pin.o
                0x08004d38                non-virtual thunk to Pwm4::_pwmWrite()
 .text._ZN4Pwm512_setupPwmOutEff
                0x08004d40       0x48 ..\obj\pin.o
                0x08004d40                Pwm5::_setupPwmOut(float, float)
 .text._ZThn8_N4Pwm512_setupPwmOutEff
                0x08004d88        0x8 ..\obj\pin.o
                0x08004d88                non-virtual thunk to Pwm5::_setupPwmOut(float, float)
 .text._ZN4Pwm59_pwmWriteEf
                0x08004d90       0x20 ..\obj\pin.o
                0x08004d90                Pwm5::_pwmWrite(float)
 .text._ZThn8_N4Pwm59_pwmWriteEf
                0x08004db0        0x8 ..\obj\pin.o
                0x08004db0                non-virtual thunk to Pwm5::_pwmWrite(float)
 .text._ZN4Pwm59_pwmWriteEv
                0x08004db8       0x20 ..\obj\pin.o
                0x08004db8                Pwm5::_pwmWrite()
 .text._ZThn8_N4Pwm59_pwmWriteEv
                0x08004dd8        0x8 ..\obj\pin.o
                0x08004dd8                non-virtual thunk to Pwm5::_pwmWrite()
 .text._ZN4Led212_setupPwmOutEff
                0x08004de0       0x48 ..\obj\pin.o
                0x08004de0                Led2::_setupPwmOut(float, float)
 .text._ZThn8_N4Led212_setupPwmOutEff
                0x08004e28        0x8 ..\obj\pin.o
                0x08004e28                non-virtual thunk to Led2::_setupPwmOut(float, float)
 .text._ZN4Led29_pwmWriteEf
                0x08004e30       0x20 ..\obj\pin.o
                0x08004e30                Led2::_pwmWrite(float)
 .text._ZThn8_N4Led29_pwmWriteEf
                0x08004e50        0x8 ..\obj\pin.o
                0x08004e50                non-virtual thunk to Led2::_pwmWrite(float)
 .text._ZN4Led29_pwmWriteEv
                0x08004e58       0x20 ..\obj\pin.o
                0x08004e58                Led2::_pwmWrite()
 .text._ZThn8_N4Led29_pwmWriteEv
                0x08004e78        0x8 ..\obj\pin.o
                0x08004e78                non-virtual thunk to Led2::_pwmWrite()
 .text._ZN4Led312_setupPwmOutEff
                0x08004e80       0x48 ..\obj\pin.o
                0x08004e80                Led3::_setupPwmOut(float, float)
 .text._ZThn8_N4Led312_setupPwmOutEff
                0x08004ec8        0x8 ..\obj\pin.o
                0x08004ec8                non-virtual thunk to Led3::_setupPwmOut(float, float)
 .text._ZN4Led39_pwmWriteEf
                0x08004ed0       0x20 ..\obj\pin.o
                0x08004ed0                Led3::_pwmWrite(float)
 .text._ZThn8_N4Led39_pwmWriteEf
                0x08004ef0        0x8 ..\obj\pin.o
                0x08004ef0                non-virtual thunk to Led3::_pwmWrite(float)
 .text._ZN4Led39_pwmWriteEv
                0x08004ef8       0x20 ..\obj\pin.o
                0x08004ef8                Led3::_pwmWrite()
 .text._ZThn8_N4Led39_pwmWriteEv
                0x08004f18        0x8 ..\obj\pin.o
                0x08004f18                non-virtual thunk to Led3::_pwmWrite()
 .text._ZN6Buzzer12_setupPwmOutEff
                0x08004f20       0x44 ..\obj\pin.o
                0x08004f20                Buzzer::_setupPwmOut(float, float)
 .text._ZThn8_N6Buzzer12_setupPwmOutEff
                0x08004f64        0x8 ..\obj\pin.o
                0x08004f64                non-virtual thunk to Buzzer::_setupPwmOut(float, float)
 .text._ZN6Buzzer9_pwmWriteEf
                0x08004f6c       0x20 ..\obj\pin.o
                0x08004f6c                Buzzer::_pwmWrite(float)
 .text._ZThn8_N6Buzzer9_pwmWriteEf
                0x08004f8c        0x8 ..\obj\pin.o
                0x08004f8c                non-virtual thunk to Buzzer::_pwmWrite(float)
 .text._ZN6Buzzer9_pwmWriteEv
                0x08004f94       0x20 ..\obj\pin.o
                0x08004f94                Buzzer::_pwmWrite()
 .text._ZThn8_N6Buzzer9_pwmWriteEv
                0x08004fb4        0x8 ..\obj\pin.o
                0x08004fb4                non-virtual thunk to Buzzer::_pwmWrite()
 .text._ZN7Serial06_setupEiR15SerialInterfaceii
                0x08004fbc       0x4c ..\obj\pin.o
                0x08004fbc                Serial0::_setup(int, SerialInterface&, int, int)
 .text._ZN7Serial09charWriteEc
                0x08005008       0x3c ..\obj\pin.o
                0x08005008                Serial0::charWrite(char)
 .text._Z17serial0_interruptv
                0x08005044       0x2c ..\obj\pin.o
                0x08005044                serial0_interrupt()
 .text.USART2_IRQHandler
                0x08005070        0xc ..\obj\pin.o
                0x08005070                USART2_IRQHandler
 .text._ZN7Serial16_setupEiR15SerialInterfaceii
                0x0800507c       0x50 ..\obj\pin.o
                0x0800507c                Serial1::_setup(int, SerialInterface&, int, int)
 .text._ZN7Serial19charWriteEc
                0x080050cc       0x3c ..\obj\pin.o
                0x080050cc                Serial1::charWrite(char)
 .text.std_char_out
                0x08005108       0x3c ..\obj\pin.o
                0x08005108                std_char_out
 .text.std_char_out_setup
                0x08005144       0x60 ..\obj\pin.o
                0x08005144                std_char_out_setup
 .text._ZN10RingBufferIcLi256EEC2Ev
                0x080051a4       0x28 ..\obj\pin.o
                0x080051a4                RingBuffer<char, 256>::RingBuffer()
                0x080051a4                RingBuffer<char, 256>::RingBuffer()
 .text._ZN10RingBufferIcLi256EE5writeEc
                0x080051cc       0x60 ..\obj\pin.o
                0x080051cc                RingBuffer<char, 256>::write(char)
 .text._ZN10RingBufferIcLi256EE7isEmptyEv
                0x0800522c       0x2c ..\obj\pin.o
                0x0800522c                RingBuffer<char, 256>::isEmpty()
 .text._ZN10RingBufferIcLi256EE4readEv
                0x08005258       0x5c ..\obj\pin.o
                0x08005258                RingBuffer<char, 256>::read()
 .text._ZN7EncoderC2Ev
                0x080052b4       0x34 ..\obj\main.o
                0x080052b4                Encoder::Encoder()
                0x080052b4                Encoder::Encoder()
 .text._ZN7DigitalC2Ev
                0x080052e8       0x20 ..\obj\main.o
                0x080052e8                Digital::Digital()
                0x080052e8                Digital::Digital()
 .text._ZN3PwmC2Ev
                0x08005308       0x20 ..\obj\main.o
                0x08005308                Pwm::Pwm()
                0x08005308                Pwm::Pwm()
 .text._ZN4Pwm0C2Ev
                0x08005328       0x40 ..\obj\main.o
                0x08005328                Pwm0::Pwm0()
                0x08005328                Pwm0::Pwm0()
 .text._ZN4Pwm1C2Ev
                0x08005368       0x40 ..\obj\main.o
                0x08005368                Pwm1::Pwm1()
                0x08005368                Pwm1::Pwm1()
 .text._ZN4Pwm2C2Ev
                0x080053a8       0x40 ..\obj\main.o
                0x080053a8                Pwm2::Pwm2()
                0x080053a8                Pwm2::Pwm2()
 .text._ZN6SerialC2Ev
                0x080053e8       0x20 ..\obj\main.o
                0x080053e8                Serial::Serial()
                0x080053e8                Serial::Serial()
 .text._ZN7Serial0C2Ev
                0x08005408       0x24 ..\obj\main.o
                0x08005408                Serial0::Serial0()
                0x08005408                Serial0::Serial0()
 .text._ZN3Sw0C2Ev
                0x0800542c       0x24 ..\obj\main.o
                0x0800542c                Sw0::Sw0()
                0x0800542c                Sw0::Sw0()
 .text._ZN3Sw1C2Ev
                0x08005450       0x24 ..\obj\main.o
                0x08005450                Sw1::Sw1()
                0x08005450                Sw1::Sw1()
 .text._ZN3Sw2C2Ev
                0x08005474       0x24 ..\obj\main.o
                0x08005474                Sw2::Sw2()
                0x08005474                Sw2::Sw2()
 .text._ZN3Sw3C2Ev
                0x08005498       0x24 ..\obj\main.o
                0x08005498                Sw3::Sw3()
                0x08005498                Sw3::Sw3()
 .text._ZN3CW0C2Ev
                0x080054bc       0x24 ..\obj\main.o
                0x080054bc                CW0::CW0()
                0x080054bc                CW0::CW0()
 .text._ZN4CCW0C2Ev
                0x080054e0       0x24 ..\obj\main.o
                0x080054e0                CCW0::CCW0()
                0x080054e0                CCW0::CCW0()
 .text._ZN3CW1C2Ev
                0x08005504       0x24 ..\obj\main.o
                0x08005504                CW1::CW1()
                0x08005504                CW1::CW1()
 .text._ZN4CCW1C2Ev
                0x08005528       0x24 ..\obj\main.o
                0x08005528                CCW1::CCW1()
                0x08005528                CCW1::CCW1()
 .text._ZN3CW2C2Ev
                0x0800554c       0x24 ..\obj\main.o
                0x0800554c                CW2::CW2()
                0x0800554c                CW2::CW2()
 .text._ZN4CCW2C2Ev
                0x08005570       0x24 ..\obj\main.o
                0x08005570                CCW2::CCW2()
                0x08005570                CCW2::CCW2()
 .text._ZN4Enc0C2Ev
                0x08005594       0x24 ..\obj\main.o
                0x08005594                Enc0::Enc0()
                0x08005594                Enc0::Enc0()
 .text._ZN4Enc1C2Ev
                0x080055b8       0x24 ..\obj\main.o
                0x080055b8                Enc1::Enc1()
                0x080055b8                Enc1::Enc1()
 .text._ZN4Enc2C2Ev
                0x080055dc       0x24 ..\obj\main.o
                0x080055dc                Enc2::Enc2()
                0x080055dc                Enc2::Enc2()
 .text._ZN2KGC2Ev
                0x08005600      0x3e8 ..\obj\main.o
                0x08005600                KG::KG()
                0x08005600                KG::KG()
 .text._ZN2KG5timerEv
                0x080059e8       0x4c ..\obj\main.o
                0x080059e8                KG::timer()
 *fill*         0x08005a34        0x4 
 .text._ZN2KG4jkitEv
                0x08005a38      0xce0 ..\obj\main.o
                0x08005a38                KG::jkit()
 .text._ZN2KG5angleEv
                0x08006718      0x238 ..\obj\main.o
                0x08006718                KG::angle()
 .text._ZN2KG3outEv
                0x08006950      0xdd8 ..\obj\main.o
                0x08006950                KG::out()
 .text.main     0x08007728       0x98 ..\obj\main.o
                0x08007728                main
 .text.RCC_GetClocksFreq
                0x080077c0      0x154 ..\obj\stm32f4xx_rcc.o
                0x080077c0                RCC_GetClocksFreq
 .text.RCC_AHB1PeriphClockCmd
                0x08007914       0x3c ..\obj\stm32f4xx_rcc.o
                0x08007914                RCC_AHB1PeriphClockCmd
 .text.RCC_APB1PeriphClockCmd
                0x08007950       0x3c ..\obj\stm32f4xx_rcc.o
                0x08007950                RCC_APB1PeriphClockCmd
 .text.RCC_APB2PeriphClockCmd
                0x0800798c       0x3c ..\obj\stm32f4xx_rcc.o
                0x0800798c                RCC_APB2PeriphClockCmd
 .text.RCC_APB2PeriphResetCmd
                0x080079c8       0x3c ..\obj\stm32f4xx_rcc.o
                0x080079c8                RCC_APB2PeriphResetCmd
 .text.system_setup
                0x08007a04       0x2c ..\obj\system.o
                0x08007a04                system_setup
 .text.ADC_DeInit
                0x08007a30       0x1c ..\obj\stm32f4xx_adc.o
                0x08007a30                ADC_DeInit
 .text.ADC_Init
                0x08007a4c       0xa8 ..\obj\stm32f4xx_adc.o
                0x08007a4c                ADC_Init
 .text.ADC_StructInit
                0x08007af4       0x3c ..\obj\stm32f4xx_adc.o
                0x08007af4                ADC_StructInit
 .text.ADC_CommonInit
                0x08007b30       0x50 ..\obj\stm32f4xx_adc.o
                0x08007b30                ADC_CommonInit
 .text.ADC_CommonStructInit
                0x08007b80       0x2c ..\obj\stm32f4xx_adc.o
                0x08007b80                ADC_CommonStructInit
 .text.ADC_Cmd  0x08007bac       0x38 ..\obj\stm32f4xx_adc.o
                0x08007bac                ADC_Cmd
 .text.ADC_RegularChannelConfig
                0x08007be4      0x194 ..\obj\stm32f4xx_adc.o
                0x08007be4                ADC_RegularChannelConfig
 .text.ADC_SoftwareStartConv
                0x08007d78       0x20 ..\obj\stm32f4xx_adc.o
                0x08007d78                ADC_SoftwareStartConv
 .text.ADC_DMACmd
                0x08007d98       0x38 ..\obj\stm32f4xx_adc.o
                0x08007d98                ADC_DMACmd
 .text.ADC_DMARequestAfterLastTransferCmd
                0x08007dd0       0x38 ..\obj\stm32f4xx_adc.o
                0x08007dd0                ADC_DMARequestAfterLastTransferCmd
 .text.Select_ADC_channel
                0x08007e08      0x100 ..\obj\config_adc.o
                0x08007e08                Select_ADC_channel
 .text.Init_ADC1
                0x08007f08      0x1d0 ..\obj\config_adc.o
                0x08007f08                Init_ADC1
 .text.get_ADC1_value
                0x080080d8       0x64 ..\obj\config_adc.o
                0x080080d8                get_ADC1_value
 .text.NMI_Handler
                0x0800813c       0x1c ..\obj\error.o
                0x0800813c                NMI_Handler
 .text.HardFault_Handler
                0x08008158       0x1c ..\obj\error.o
                0x08008158                HardFault_Handler
 .text.MemManage_Handler
                0x08008174       0x1c ..\obj\error.o
                0x08008174                MemManage_Handler
 .text.BusFault_Handler
                0x08008190       0x1c ..\obj\error.o
                0x08008190                BusFault_Handler
 .text.UsageFault_Handler
                0x080081ac       0x1c ..\obj\error.o
                0x080081ac                UsageFault_Handler
 .text.SVC_Handler
                0x080081c8       0x1c ..\obj\error.o
                0x080081c8                SVC_Handler
 .text.DebugMon_Handler
                0x080081e4       0x1c ..\obj\error.o
                0x080081e4                DebugMon_Handler
 .text.PendSV_Handler
                0x08008200       0x1c ..\obj\error.o
                0x08008200                PendSV_Handler
 .text.NVIC_SetPriority
                0x0800821c       0x54 ..\obj\config_systick.o
 .text.SysTick_Config
                0x08008270       0x44 ..\obj\config_systick.o
 .text.Init_SysTick
                0x080082b4       0x44 ..\obj\config_systick.o
                0x080082b4                Init_SysTick
 .text.SD_ProcessIRQSrc
                0x080082f8       0xc8 ..\obj\stm32_ub_sdcard.o
                0x080082f8                SD_ProcessIRQSrc
 .text.SD_ProcessDMAIRQ
                0x080083c0       0x30 ..\obj\stm32_ub_sdcard.o
                0x080083c0                SD_ProcessDMAIRQ
 .text.SDIO_IRQHandler
                0x080083f0        0xc ..\obj\stm32_ub_sdcard.o
                0x080083f0                SDIO_IRQHandler
 .text.DMA2_Stream3_IRQHandler
                0x080083fc        0xc ..\obj\stm32_ub_sdcard.o
                0x080083fc                DMA2_Stream3_IRQHandler
 .text.GPIO_Init
                0x08008408      0x11c ..\obj\stm32f4xx_gpio.o
                0x08008408                GPIO_Init
 .text.GPIO_StructInit
                0x08008524       0x34 ..\obj\stm32f4xx_gpio.o
                0x08008524                GPIO_StructInit
 .text.GPIO_ReadInputDataBit
                0x08008558       0x34 ..\obj\stm32f4xx_gpio.o
                0x08008558                GPIO_ReadInputDataBit
 .text.GPIO_ReadOutputDataBit
                0x0800858c       0x34 ..\obj\stm32f4xx_gpio.o
                0x0800858c                GPIO_ReadOutputDataBit
 .text.GPIO_SetBits
                0x080085c0       0x1c ..\obj\stm32f4xx_gpio.o
                0x080085c0                GPIO_SetBits
 .text.GPIO_ResetBits
                0x080085dc       0x1c ..\obj\stm32f4xx_gpio.o
                0x080085dc                GPIO_ResetBits
 .text.GPIO_PinAFConfig
                0x080085f8       0x90 ..\obj\stm32f4xx_gpio.o
                0x080085f8                GPIO_PinAFConfig
 .text.SystemInit
                0x08008688       0x58 ..\obj\system_stm32f4xx.o
                0x08008688                SystemInit
 .text.SystemCoreClockUpdate
                0x080086e0       0xf8 ..\obj\system_stm32f4xx.o
                0x080086e0                SystemCoreClockUpdate
 .text.SetSysClock
                0x080087d8       0xf4 ..\obj\system_stm32f4xx.o
 .text._sbrk    0x080088cc       0x40 ..\obj\syscalls.o
                0x080088cc                _sbrk
 .text._close   0x0800890c       0x18 ..\obj\syscalls.o
                0x0800890c                _close
 .text._fstat   0x08008924       0x20 ..\obj\syscalls.o
                0x08008924                _fstat
 .text._isatty  0x08008944       0x18 ..\obj\syscalls.o
                0x08008944                _isatty
 .text._lseek   0x0800895c       0x1c ..\obj\syscalls.o
                0x0800895c                _lseek
 .text._read    0x08008978       0x1c ..\obj\syscalls.o
                0x08008978                _read
 .text._write   0x08008994       0x38 ..\obj\syscalls.o
                0x08008994                _write
 .text.abort    0x080089cc        0x8 ..\obj\syscalls.o
                0x080089cc                abort
 .text.DMA_DeInit
                0x080089d4      0x1a4 ..\obj\stm32f4xx_dma.o
                0x080089d4                DMA_DeInit
 .text.DMA_Init
                0x08008b78       0xac ..\obj\stm32f4xx_dma.o
                0x08008b78                DMA_Init
 .text.DMA_StructInit
                0x08008c24       0x6c ..\obj\stm32f4xx_dma.o
                0x08008c24                DMA_StructInit
 .text.DMA_Cmd  0x08008c90       0x38 ..\obj\stm32f4xx_dma.o
                0x08008c90                DMA_Cmd
 .text.DMA_ClearFlag
                0x08008cc8       0x5c ..\obj\stm32f4xx_dma.o
                0x08008cc8                DMA_ClearFlag
 .text.USB_OTG_BSP_uDelay
                0x08008d24       0x48 ..\obj\usb_bsp.o
                0x08008d24                USB_OTG_BSP_uDelay
 .text.USBD_StdDevReq
                0x08008d6c       0xa0 ..\obj\usbd_req.o
                0x08008d6c                USBD_StdDevReq
 .text.USBD_StdItfReq
                0x08008e0c       0x68 ..\obj\usbd_req.o
                0x08008e0c                USBD_StdItfReq
 .text.USBD_StdEPReq
                0x08008e74      0x1b0 ..\obj\usbd_req.o
                0x08008e74                USBD_StdEPReq
 .text.USBD_GetDescriptor
                0x08009024      0x1b8 ..\obj\usbd_req.o
 .text.USBD_SetAddress
                0x080091dc       0x7c ..\obj\usbd_req.o
 .text.USBD_SetConfig
                0x08009258       0xf4 ..\obj\usbd_req.o
 .text.USBD_GetConfig
                0x0800934c       0x60 ..\obj\usbd_req.o
 .text.USBD_GetStatus
                0x080093ac       0x50 ..\obj\usbd_req.o
 .text.USBD_SetFeature
                0x080093fc       0xcc ..\obj\usbd_req.o
 .text.USBD_ClrFeature
                0x080094c8       0x50 ..\obj\usbd_req.o
 .text.USBD_ParseSetupRequest
                0x08009518       0x90 ..\obj\usbd_req.o
                0x08009518                USBD_ParseSetupRequest
 .text.USBD_CtlError
                0x080095a8       0x48 ..\obj\usbd_req.o
                0x080095a8                USBD_CtlError
 .text.USBD_OTG_ISR_Handler
                0x080095f0      0x15c ..\obj\usb_dcd_int.o
                0x080095f0                USBD_OTG_ISR_Handler
 .text.DCD_HandleResume_ISR
                0x0800974c       0x80 ..\obj\usb_dcd_int.o
 .text.DCD_HandleUSBSuspend_ISR
                0x080097cc       0x9c ..\obj\usb_dcd_int.o
 .text.DCD_HandleInEP_ISR
                0x08009868      0x1ec ..\obj\usb_dcd_int.o
 .text.DCD_HandleOutEP_ISR
                0x08009a54      0x178 ..\obj\usb_dcd_int.o
 .text.DCD_HandleSof_ISR
                0x08009bcc       0x34 ..\obj\usb_dcd_int.o
 .text.DCD_HandleRxStatusQueueLevel_ISR
                0x08009c00      0x104 ..\obj\usb_dcd_int.o
 .text.DCD_WriteEmptyTxFifo
                0x08009d04       0xe4 ..\obj\usb_dcd_int.o
 .text.DCD_HandleUsbReset_ISR
                0x08009de8      0x138 ..\obj\usb_dcd_int.o
 .text.DCD_HandleEnumDone_ISR
                0x08009f20       0x78 ..\obj\usb_dcd_int.o
 .text.DCD_IsoINIncomplete_ISR
                0x08009f98       0x34 ..\obj\usb_dcd_int.o
 .text.DCD_IsoOUTIncomplete_ISR
                0x08009fcc       0x34 ..\obj\usb_dcd_int.o
 .text.DCD_ReadDevInEP
                0x0800a000       0x50 ..\obj\usb_dcd_int.o
 .text.EXTI_ClearITPendingBit
                0x0800a050       0x1c ..\obj\stm32f4xx_exti.o
                0x0800a050                EXTI_ClearITPendingBit
 .text.Analysis_GPIO_Pin
                0x0800a06c      0x168 ..\obj\name_converter.o
                0x0800a06c                Analysis_GPIO_Pin
 .text.GPIO_af_USART_select
                0x0800a1d4       0x84 ..\obj\name_converter.o
                0x0800a1d4                GPIO_af_USART_select
 .text.USART_irqn_select
                0x0800a258       0x84 ..\obj\name_converter.o
                0x0800a258                USART_irqn_select
 .text.Tim_irqn_select
                0x0800a2dc       0x94 ..\obj\name_converter.o
                0x0800a2dc                Tim_irqn_select
 .text.RCC_PeriphClock_TIM
                0x0800a370      0x1b0 ..\obj\name_converter.o
                0x0800a370                RCC_PeriphClock_TIM
 .text.RCC_PeriphClock_USART
                0x0800a520      0x12c ..\obj\name_converter.o
                0x0800a520                RCC_PeriphClock_USART
 .text.NVIC_Configuration
                0x0800a64c       0x2c ..\obj\name_converter.o
                0x0800a64c                NVIC_Configuration
 .text.Pin_select_source
                0x0800a678       0xec ..\obj\name_converter.o
                0x0800a678                Pin_select_source
 .text.Tim_select_af
                0x0800a764       0xb8 ..\obj\name_converter.o
                0x0800a764                Tim_select_af
 .text.NVIC_PriorityGroupConfig
                0x0800a81c       0x24 ..\obj\misc.o
                0x0800a81c                NVIC_PriorityGroupConfig
 .text.NVIC_Init
                0x0800a840       0xc0 ..\obj\misc.o
                0x0800a840                NVIC_Init
 .text.DCD_EP_Open
                0x0800a900       0xa8 ..\obj\usb_dcd.o
                0x0800a900                DCD_EP_Open
 .text.DCD_EP_PrepareRx
                0x0800a9a8       0x84 ..\obj\usb_dcd.o
                0x0800a9a8                DCD_EP_PrepareRx
 .text.DCD_EP_Tx
                0x0800aa2c       0x78 ..\obj\usb_dcd.o
                0x0800aa2c                DCD_EP_Tx
 .text.DCD_EP_Stall
                0x0800aaa4       0x74 ..\obj\usb_dcd.o
                0x0800aaa4                DCD_EP_Stall
 .text.DCD_EP_ClrStall
                0x0800ab18       0x74 ..\obj\usb_dcd.o
                0x0800ab18                DCD_EP_ClrStall
 .text.DCD_EP_SetAddress
                0x0800ab8c       0x3c ..\obj\usb_dcd.o
                0x0800ab8c                DCD_EP_SetAddress
 .text._ZN15SerialInterface14serialReadCharEc
                0x0800abc8       0xd4 ..\obj\serial.o
                0x0800abc8                SerialInterface::serialReadChar(char)
 .text._ZN6Serial6printfEPKcz
                0x0800ac9c       0x48 ..\obj\serial.o
                0x0800ac9c                Serial::printf(char const*, ...)
 .text.USBD_CtlSendData
                0x0800ace4       0x40 ..\obj\usbd_ioreq.o
                0x0800ace4                USBD_CtlSendData
 .text.USBD_CtlContinueSendData
                0x0800ad24       0x28 ..\obj\usbd_ioreq.o
                0x0800ad24                USBD_CtlContinueSendData
 .text.USBD_CtlContinueRx
                0x0800ad4c       0x28 ..\obj\usbd_ioreq.o
                0x0800ad4c                USBD_CtlContinueRx
 .text.USBD_CtlSendStatus
                0x0800ad74       0x30 ..\obj\usbd_ioreq.o
                0x0800ad74                USBD_CtlSendStatus
 .text.USBD_CtlReceiveStatus
                0x0800ada4       0x30 ..\obj\usbd_ioreq.o
                0x0800ada4                USBD_CtlReceiveStatus
 .text.Init_USART
                0x0800add4       0xdc ..\obj\config_usart.o
                0x0800add4                Init_USART
 .text.TIM_TimeBaseInit
                0x0800aeb0       0xd4 ..\obj\stm32f4xx_tim.o
                0x0800aeb0                TIM_TimeBaseInit
 .text.TIM_PrescalerConfig
                0x0800af84       0x28 ..\obj\stm32f4xx_tim.o
                0x0800af84                TIM_PrescalerConfig
 .text.TIM_SetCounter
                0x0800afac       0x1c ..\obj\stm32f4xx_tim.o
                0x0800afac                TIM_SetCounter
 .text.TIM_GetCounter
                0x0800afc8       0x18 ..\obj\stm32f4xx_tim.o
                0x0800afc8                TIM_GetCounter
 .text.TIM_ARRPreloadConfig
                0x0800afe0       0x40 ..\obj\stm32f4xx_tim.o
                0x0800afe0                TIM_ARRPreloadConfig
 .text.TIM_Cmd  0x0800b020       0x40 ..\obj\stm32f4xx_tim.o
                0x0800b020                TIM_Cmd
 .text.TIM_OC1Init
                0x0800b060       0xf4 ..\obj\stm32f4xx_tim.o
                0x0800b060                TIM_OC1Init
 .text.TIM_OC2Init
                0x0800b154      0x110 ..\obj\stm32f4xx_tim.o
                0x0800b154                TIM_OC2Init
 .text.TIM_OC3Init
                0x0800b264      0x10c ..\obj\stm32f4xx_tim.o
                0x0800b264                TIM_OC3Init
 .text.TIM_OC4Init
                0x0800b370       0xcc ..\obj\stm32f4xx_tim.o
                0x0800b370                TIM_OC4Init
 .text.TIM_OC1PreloadConfig
                0x0800b43c       0x38 ..\obj\stm32f4xx_tim.o
                0x0800b43c                TIM_OC1PreloadConfig
 .text.TIM_OC2PreloadConfig
                0x0800b474       0x3c ..\obj\stm32f4xx_tim.o
                0x0800b474                TIM_OC2PreloadConfig
 .text.TIM_OC3PreloadConfig
                0x0800b4b0       0x38 ..\obj\stm32f4xx_tim.o
                0x0800b4b0                TIM_OC3PreloadConfig
 .text.TIM_OC4PreloadConfig
                0x0800b4e8       0x3c ..\obj\stm32f4xx_tim.o
                0x0800b4e8                TIM_OC4PreloadConfig
 .text.TIM_BDTRConfig
                0x0800b524       0x50 ..\obj\stm32f4xx_tim.o
                0x0800b524                TIM_BDTRConfig
 .text.TIM_BDTRStructInit
                0x0800b574       0x3c ..\obj\stm32f4xx_tim.o
                0x0800b574                TIM_BDTRStructInit
 .text.TIM_CtrlPWMOutputs
                0x0800b5b0       0x4c ..\obj\stm32f4xx_tim.o
                0x0800b5b0                TIM_CtrlPWMOutputs
 .text.TIM_ITConfig
                0x0800b5fc       0x48 ..\obj\stm32f4xx_tim.o
                0x0800b5fc                TIM_ITConfig
 .text.TIM_ClearITPendingBit
                0x0800b644       0x20 ..\obj\stm32f4xx_tim.o
                0x0800b644                TIM_ClearITPendingBit
 .text.TIM_EncoderInterfaceConfig
                0x0800b664       0x98 ..\obj\stm32f4xx_tim.o
                0x0800b664                TIM_EncoderInterfaceConfig
 *fill*         0x0800b6fc        0x4 
 .text.atan     0x0800b700      0x338 c:/program files (x86)/gnu tools arm embedded/4.9 2014q4/bin/../lib/gcc/arm-none-eabi/4.9.3/../../../../arm-none-eabi/lib/armv7e-m\libm.a(lib_a-s_atan.o)
                0x0800b700                atan
 .text.cos      0x0800ba38       0x88 c:/program files (x86)/gnu tools arm embedded/4.9 2014q4/bin/../lib/gcc/arm-none-eabi/4.9.3/../../../../arm-none-eabi/lib/armv7e-m\libm.a(lib_a-s_cos.o)
                0x0800ba38                cos
 .text.fabs     0x0800bac0        0x8 c:/program files (x86)/gnu tools arm embedded/4.9 2014q4/bin/../lib/gcc/arm-none-eabi/4.9.3/../../../../arm-none-eabi/lib/armv7e-m\libm.a(lib_a-s_fabs.o)
                0x0800bac0                fabs
 .text.sin      0x0800bac8       0x94 c:/program files (x86)/gnu tools arm embedded/4.9 2014q4/bin/../lib/gcc/arm-none-eabi/4.9.3/../../../../arm-none-eabi/lib/armv7e-m\libm.a(lib_a-s_sin.o)
                0x0800bac8                sin
 .text.tan      0x0800bb5c       0x60 c:/program files (x86)/gnu tools arm embedded/4.9 2014q4/bin/../lib/gcc/arm-none-eabi/4.9.3/../../../../arm-none-eabi/lib/armv7e-m\libm.a(lib_a-s_tan.o)
                0x0800bb5c                tan
 .text.pow      0x0800bbbc      0x2ec c:/program files (x86)/gnu tools arm embedded/4.9 2014q4/bin/../lib/gcc/arm-none-eabi/4.9.3/../../../../arm-none-eabi/lib/armv7e-m\libm.a(lib_a-w_pow.o)
                0x0800bbbc                pow
 .text.sqrt     0x0800bea8       0xac c:/program files (x86)/gnu tools arm embedded/4.9 2014q4/bin/../lib/gcc/arm-none-eabi/4.9.3/../../../../arm-none-eabi/lib/armv7e-m\libm.a(lib_a-w_sqrt.o)
                0x0800bea8                sqrt
 *fill*         0x0800bf54        0x4 
 .text.__ieee754_pow
                0x0800bf58      0xaa8 c:/program files (x86)/gnu tools arm embedded/4.9 2014q4/bin/../lib/gcc/arm-none-eabi/4.9.3/../../../../arm-none-eabi/lib/armv7e-m\libm.a(lib_a-e_pow.o)
                0x0800bf58                __ieee754_pow
 .text.__ieee754_rem_pio2
                0x0800ca00      0x448 c:/program files (x86)/gnu tools arm embedded/4.9 2014q4/bin/../lib/gcc/arm-none-eabi/4.9.3/../../../../arm-none-eabi/lib/armv7e-m\libm.a(lib_a-e_rem_pio2.o)
                0x0800ca00                __ieee754_rem_pio2
 .text.__ieee754_sqrt
                0x0800ce48      0x188 c:/program files (x86)/gnu tools arm embedded/4.9 2014q4/bin/../lib/gcc/arm-none-eabi/4.9.3/../../../../arm-none-eabi/lib/armv7e-m\libm.a(lib_a-e_sqrt.o)
                0x0800ce48                __ieee754_sqrt
 .text.__kernel_cos
                0x0800cfd0      0x248 c:/program files (x86)/gnu tools arm embedded/4.9 2014q4/bin/../lib/gcc/arm-none-eabi/4.9.3/../../../../arm-none-eabi/lib/armv7e-m\libm.a(lib_a-k_cos.o)
                0x0800cfd0                __kernel_cos
 .text.__kernel_rem_pio2
                0x0800d218      0x808 c:/program files (x86)/gnu tools arm embedded/4.9 2014q4/bin/../lib/gcc/arm-none-eabi/4.9.3/../../../../arm-none-eabi/lib/armv7e-m\libm.a(lib_a-k_rem_pio2.o)
                0x0800d218                __kernel_rem_pio2